Archive member included because of file (symbol)

/usr/local/gcc-arm-none-eabi-4_7-2013q1/bin/../lib/gcc/arm-none-eabi/4.7.3/armv7-m/libgcc.a(_arm_addsubdf3.o)
                              ./src/application.o (__aeabi_i2d)
/usr/local/gcc-arm-none-eabi-4_7-2013q1/bin/../lib/gcc/arm-none-eabi/4.7.3/armv7-m/libgcc.a(_arm_muldivdf3.o)
                              ./src/application.o (__aeabi_dmul)
/usr/local/gcc-arm-none-eabi-4_7-2013q1/bin/../lib/gcc/arm-none-eabi/4.7.3/armv7-m/libgcc.a(_arm_fixunsdfsi.o)
                              ./src/application.o (__aeabi_d2uiz)
/usr/local/gcc-arm-none-eabi-4_7-2013q1/bin/../lib/gcc/arm-none-eabi/4.7.3/../../../../arm-none-eabi/lib/armv7-m/libg.a(lib_a-errno.o)
                              ./libraries/CC3000_Host_Driver/socket.o (__errno)
/usr/local/gcc-arm-none-eabi-4_7-2013q1/bin/../lib/gcc/arm-none-eabi/4.7.3/../../../../arm-none-eabi/lib/armv7-m/libg.a(lib_a-impure.o)
                              /usr/local/gcc-arm-none-eabi-4_7-2013q1/bin/../lib/gcc/arm-none-eabi/4.7.3/../../../../arm-none-eabi/lib/armv7-m/libg.a(lib_a-errno.o) (_impure_ptr)
/usr/local/gcc-arm-none-eabi-4_7-2013q1/bin/../lib/gcc/arm-none-eabi/4.7.3/../../../../arm-none-eabi/lib/armv7-m/libg.a(lib_a-malloc.o)
                              ./libraries/CC3000_Host_Driver/os.o (malloc)
/usr/local/gcc-arm-none-eabi-4_7-2013q1/bin/../lib/gcc/arm-none-eabi/4.7.3/../../../../arm-none-eabi/lib/armv7-m/libg.a(lib_a-mallocr.o)
                              /usr/local/gcc-arm-none-eabi-4_7-2013q1/bin/../lib/gcc/arm-none-eabi/4.7.3/../../../../arm-none-eabi/lib/armv7-m/libg.a(lib_a-malloc.o) (_malloc_r)
/usr/local/gcc-arm-none-eabi-4_7-2013q1/bin/../lib/gcc/arm-none-eabi/4.7.3/../../../../arm-none-eabi/lib/armv7-m/libg.a(lib_a-memcpy.o)
                              ./src/spark_utilities.o (memcpy)
/usr/local/gcc-arm-none-eabi-4_7-2013q1/bin/../lib/gcc/arm-none-eabi/4.7.3/../../../../arm-none-eabi/lib/armv7-m/libg.a(lib_a-memset.o)
                              ./src/spark_utilities.o (memset)
/usr/local/gcc-arm-none-eabi-4_7-2013q1/bin/../lib/gcc/arm-none-eabi/4.7.3/../../../../arm-none-eabi/lib/armv7-m/libg.a(lib_a-mlock.o)
                              /usr/local/gcc-arm-none-eabi-4_7-2013q1/bin/../lib/gcc/arm-none-eabi/4.7.3/../../../../arm-none-eabi/lib/armv7-m/libg.a(lib_a-mallocr.o) (__malloc_lock)
/usr/local/gcc-arm-none-eabi-4_7-2013q1/bin/../lib/gcc/arm-none-eabi/4.7.3/../../../../arm-none-eabi/lib/armv7-m/libg.a(lib_a-sbrkr.o)
                              /usr/local/gcc-arm-none-eabi-4_7-2013q1/bin/../lib/gcc/arm-none-eabi/4.7.3/../../../../arm-none-eabi/lib/armv7-m/libg.a(lib_a-mallocr.o) (_sbrk_r)
/usr/local/gcc-arm-none-eabi-4_7-2013q1/bin/../lib/gcc/arm-none-eabi/4.7.3/../../../../arm-none-eabi/lib/armv7-m/libg.a(lib_a-strchr.o)
                              ./src/application.o (strchr)
/usr/local/gcc-arm-none-eabi-4_7-2013q1/bin/../lib/gcc/arm-none-eabi/4.7.3/../../../../arm-none-eabi/lib/armv7-m/libg.a(lib_a-strcmp.o)
                              ./src/spark_utilities.o (strcmp)
/usr/local/gcc-arm-none-eabi-4_7-2013q1/bin/../lib/gcc/arm-none-eabi/4.7.3/../../../../arm-none-eabi/lib/armv7-m/libg.a(lib_a-strlen.o)
                              ./src/spark_utilities.o (strlen)
/usr/local/gcc-arm-none-eabi-4_7-2013q1/bin/../lib/gcc/arm-none-eabi/4.7.3/../../../../arm-none-eabi/lib/armv7-m/libg.a(lib_a-strncmp.o)
                              ./src/application.o (strncmp)
/usr/local/gcc-arm-none-eabi-4_7-2013q1/bin/../lib/gcc/arm-none-eabi/4.7.3/../../../../arm-none-eabi/lib/armv7-m/libg.a(lib_a-strncpy.o)
                              ./src/application.o (strncpy)
/usr/local/gcc-arm-none-eabi-4_7-2013q1/bin/../lib/gcc/arm-none-eabi/4.7.3/../../../../arm-none-eabi/lib/armv7-m/libg.a(lib_a-strtol.o)
                              ./src/application.o (strtol)
/usr/local/gcc-arm-none-eabi-4_7-2013q1/bin/../lib/gcc/arm-none-eabi/4.7.3/../../../../arm-none-eabi/lib/armv7-m/libg.a(lib_a-ctype_.o)
                              /usr/local/gcc-arm-none-eabi-4_7-2013q1/bin/../lib/gcc/arm-none-eabi/4.7.3/../../../../arm-none-eabi/lib/armv7-m/libg.a(lib_a-strtol.o) (__ctype_ptr__)
/usr/local/gcc-arm-none-eabi-4_7-2013q1/bin/../lib/gcc/arm-none-eabi/4.7.3/../../../../arm-none-eabi/lib/armv7-m/libg.a(lib_a-freer.o)
                              /usr/local/gcc-arm-none-eabi-4_7-2013q1/bin/../lib/gcc/arm-none-eabi/4.7.3/../../../../arm-none-eabi/lib/armv7-m/libg.a(lib_a-malloc.o) (_free_r)
/usr/local/gcc-arm-none-eabi-4_7-2013q1/bin/../lib/gcc/arm-none-eabi/4.7.3/../../../../arm-none-eabi/lib/armv7-m/libg.a(lib_a-reent.o)
                              /usr/local/gcc-arm-none-eabi-4_7-2013q1/bin/../lib/gcc/arm-none-eabi/4.7.3/../../../../arm-none-eabi/lib/armv7-m/libg.a(lib_a-sbrkr.o) (errno)

Allocating common symbols
Common symbol       size              file

SaveRState          0x2               ./libraries/STM32_USB-FS-Device_Driver/src/usb_int.o
WLAN_CAN_SHUTDOWN   0x1               ./src/main.o
[...]
Memory Configuration

Name             Origin             Length             Attributes
RAM              0x0000000020000000 0x0000000000005000 xrw
FLASH            0x000000000800a000 0x0000000000016000 xr
FLASHB1          0x0000000000000000 0x0000000000000000 xr
EXTMEMB0         0x0000000000000000 0x0000000000000000 xr
EXTMEMB1         0x0000000000000000 0x0000000000000000 xr
EXTMEMB2         0x0000000000000000 0x0000000000000000 xr
EXTMEMB3         0x0000000000000000 0x0000000000000000 xr
*default*        0x0000000000000000 0xffffffffffffffff

Linker script and memory map

LOAD ./startup/startup_stm32f10x_md.o
LOAD ./src/application.o
LOAD ./src/cc3000_spi.o
LOAD ./src/hw_config.o
LOAD ./src/main.o
LOAD ./src/spark_utilities.o
LOAD ./src/spark_wiring.o
LOAD ./src/sst25vf_spi.o
LOAD ./src/stm32_it.o
LOAD ./src/system_stm32f10x.o
LOAD ./src/usb_desc.o
LOAD ./src/usb_endp.o
LOAD ./src/usb_istr.o
LOAD ./src/usb_prop.o
LOAD ./src/usb_pwr.o
LOAD ./libraries/STM32_USB-FS-Device_Driver/src/usb_core.o
LOAD ./libraries/STM32_USB-FS-Device_Driver/src/usb_init.o
LOAD ./libraries/STM32_USB-FS-Device_Driver/src/usb_int.o
LOAD ./libraries/STM32_USB-FS-Device_Driver/src/usb_mem.o
LOAD ./libraries/STM32_USB-FS-Device_Driver/src/usb_regs.o
LOAD ./libraries/STM32_USB-FS-Device_Driver/src/usb_sil.o
LOAD ./libraries/STM32F10x_StdPeriph_Driver/src/misc.o
LOAD ./libraries/STM32F10x_StdPeriph_Driver/src/stm32f10x_adc.o
LOAD ./libraries/STM32F10x_StdPeriph_Driver/src/stm32f10x_bkp.o
LOAD ./libraries/STM32F10x_StdPeriph_Driver/src/stm32f10x_dma.o
LOAD ./libraries/STM32F10x_StdPeriph_Driver/src/stm32f10x_exti.o
LOAD ./libraries/STM32F10x_StdPeriph_Driver/src/stm32f10x_flash.o
LOAD ./libraries/STM32F10x_StdPeriph_Driver/src/stm32f10x_gpio.o
LOAD ./libraries/STM32F10x_StdPeriph_Driver/src/stm32f10x_i2c.o
LOAD ./libraries/STM32F10x_StdPeriph_Driver/src/stm32f10x_pwr.o
LOAD ./libraries/STM32F10x_StdPeriph_Driver/src/stm32f10x_rcc.o
LOAD ./libraries/STM32F10x_StdPeriph_Driver/src/stm32f10x_rtc.o
LOAD ./libraries/STM32F10x_StdPeriph_Driver/src/stm32f10x_spi.o
LOAD ./libraries/STM32F10x_StdPeriph_Driver/src/stm32f10x_tim.o
LOAD ./libraries/STM32F10x_StdPeriph_Driver/src/stm32f10x_usart.o
LOAD ./libraries/CC3000_Host_Driver/cc3000_common.o
LOAD ./libraries/CC3000_Host_Driver/evnt_handler.o
LOAD ./libraries/CC3000_Host_Driver/hci.o
LOAD ./libraries/CC3000_Host_Driver/netapp.o
LOAD ./libraries/CC3000_Host_Driver/nvmem.o
LOAD ./libraries/CC3000_Host_Driver/os.o
LOAD ./libraries/CC3000_Host_Driver/security.o
LOAD ./libraries/CC3000_Host_Driver/socket.o
LOAD ./libraries/CC3000_Host_Driver/wlan.o
START GROUP
LOAD /usr/local/gcc-arm-none-eabi-4_7-2013q1/bin/../lib/gcc/arm-none-eabi/4.7.3/armv7-m/libgcc.a
LOAD /usr/local/gcc-arm-none-eabi-4_7-2013q1/bin/../lib/gcc/arm-none-eabi/4.7.3/../../../../arm-none-eabi/lib/armv7-m/libg.a
LOAD /usr/local/gcc-arm-none-eabi-4_7-2013q1/bin/../lib/gcc/arm-none-eabi/4.7.3/../../../../arm-none-eabi/lib/armv7-m/libc.a
END GROUP
                0x0000000000000400                __Stack_Size = 0x400
                0x0000000000000400                PROVIDE (_Stack_Size, __Stack_Size)
                0x0000000020004c00                __Stack_Init = (_estack - __Stack_Size)
                0x0000000020004c00                PROVIDE (_Stack_Init, __Stack_Init)
                0x0000000000000100                _Minimum_Stack_Size = 0x100
                0x0000000020005000                _estack = 0x20005000

.isr_vector     0x000000000800a000      0x10c
                0x000000000800a000                . = ALIGN (0x4)
 *(.isr_vector)
 .isr_vector    0x000000000800a000      0x10c ./startup/startup_stm32f10x_md.o
                0x000000000800a000                g_pfnVectors
                0x000000000800a10c                . = ALIGN (0x4)

.flashtext      0x000000000800a10c        0x0
                0x000000000800a10c                . = ALIGN (0x4)
 *(.flashtext)
                0x000000000800a10c                . = ALIGN (0x4)

.text           0x000000000800a10c     0xa394
                0x000000000800a10c                . = ALIGN (0x4)
 *(.text)
 .text          0x000000000800a10c      0x370 /usr/local/gcc-arm-none-eabi-4_7-2013q1/bin/../lib/gcc/arm-none-eabi/4.7.3/armv7-m/libgcc.a(_arm_addsubdf3.o)
                0x000000000800a10c                __aeabi_drsub
                0x000000000800a114                __subdf3
                0x000000000800a114                __aeabi_dsub
                0x000000000800a118                __aeabi_dadd
                0x000000000800a118                __adddf3
                0x000000000800a390                __aeabi_ui2d
                0x000000000800a390                __floatunsidf
                0x000000000800a3b0                __floatsidf
                0x000000000800a3b0                __aeabi_i2d
                0x000000000800a3d4                __extendsfdf2
                0x000000000800a3d4                __aeabi_f2d
                0x000000000800a410                __aeabi_ul2d
                0x000000000800a410                __floatundidf
                0x000000000800a420                __aeabi_l2d
                0x000000000800a420                __floatdidf
 .text          0x000000000800a47c      0x424 /usr/local/gcc-arm-none-eabi-4_7-2013q1/bin/../lib/gcc/arm-none-eabi/4.7.3/armv7-m/libgcc.a(_arm_muldivdf3.o)
                0x000000000800a47c                __aeabi_dmul
                0x000000000800a47c                __muldf3
                0x000000000800a6d0                __aeabi_ddiv
                0x000000000800a6d0                __divdf3
 .text          0x000000000800a8a0       0x40 /usr/local/gcc-arm-none-eabi-4_7-2013q1/bin/../lib/gcc/arm-none-eabi/4.7.3/armv7-m/libgcc.a(_arm_fixunsdfsi.o)
                0x000000000800a8a0                __fixunsdfsi
                0x000000000800a8a0                __aeabi_d2uiz
 *(.text.*)
 .text.Reset_Handler
                0x000000000800a8e0       0x4c ./startup/startup_stm32f10x_md.o
                0x000000000800a8e0                Reset_Handler
 .text.Default_Handler
                0x000000000800a92c        0x4 ./startup/startup_stm32f10x_md.o
                0x000000000800a92c                USBWakeUp_IRQHandler
                0x000000000800a92c                TIM1_CC_IRQHandler
                0x000000000800a92c                PVD_IRQHandler
                0x000000000800a92c                EXTI3_IRQHandler
                0x000000000800a92c                I2C2_EV_IRQHandler
                0x000000000800a92c                ADC1_2_IRQHandler
                0x000000000800a92c                SPI1_IRQHandler
                0x000000000800a92c                TAMPER_IRQHandler
                0x000000000800a92c                DMA1_Channel4_IRQHandler
                0x000000000800a92c                USART3_IRQHandler
                0x000000000800a92c                RTC_IRQHandler
                0x000000000800a92c                DMA1_Channel7_IRQHandler
                0x000000000800a92c                CAN1_RX1_IRQHandler
                0x000000000800a92c                TIM4_IRQHandler
                0x000000000800a92c                I2C1_EV_IRQHandler
                0x000000000800a92c                DMA1_Channel6_IRQHandler
                0x000000000800a92c                TIM3_IRQHandler
                0x000000000800a92c                RCC_IRQHandler
                0x000000000800a92c                TIM1_TRG_COM_IRQHandler
                0x000000000800a92c                DMA1_Channel1_IRQHandler
                0x000000000800a92c                Default_Handler
                0x000000000800a92c                EXTI9_5_IRQHandler
                0x000000000800a92c                SPI2_IRQHandler
                0x000000000800a92c                EXTI4_IRQHandler
                0x000000000800a92c                USB_HP_CAN1_TX_IRQHandler
                0x000000000800a92c                WWDG_IRQHandler
                0x000000000800a92c                TIM2_IRQHandler
                0x000000000800a92c                TIM1_BRK_IRQHandler
                0x000000000800a92c                EXTI1_IRQHandler
                0x000000000800a92c                RTCAlarm_IRQHandler
                0x000000000800a92c                USART2_IRQHandler
                0x000000000800a92c                I2C2_ER_IRQHandler
                0x000000000800a92c                DMA1_Channel2_IRQHandler
                0x000000000800a92c                CAN1_SCE_IRQHandler
                0x000000000800a92c                FLASH_IRQHandler
                0x000000000800a92c                USART1_IRQHandler
                0x000000000800a92c                I2C1_ER_IRQHandler
                0x000000000800a92c                EXTI2_IRQHandler
 .text.setup    0x000000000800a930       0x38 ./src/application.o
                0x000000000800a930                setup
 .text.loop     0x000000000800a968        0xc ./src/application.o
                0x000000000800a968                loop
 .text.drive    0x000000000800a974      0x244 ./src/application.o
                0x000000000800a974                drive
 .text.userFunction
                0x000000000800abb8       0xa8 ./src/application.o
                0x000000000800abb8                userFunction
 .text.SysCtlDelay
                0x000000000800ac60       0x24 ./src/cc3000_spi.o
                0x000000000800ac60                SysCtlDelay
 .text.SpiOpen  0x000000000800ac84       0x74 ./src/cc3000_spi.o
                0x000000000800ac84                SpiOpen
 .text.SpiResumeSpi
                0x000000000800acf8        0xc ./src/cc3000_spi.o
                0x000000000800acf8                SpiResumeSpi
 .text.SpiPauseSpi
                0x000000000800ad04        0xc ./src/cc3000_spi.o
                0x000000000800ad04                SpiPauseSpi
 .text.SpiTriggerRxProcessing
                0x000000000800ad10       0x44 ./src/cc3000_spi.o
                0x000000000800ad10                SpiTriggerRxProcessing
 .text.SpiReadData
                0x000000000800ad54       0x24 ./src/cc3000_spi.o
                0x000000000800ad54                SpiReadData
 .text.SpiWriteAsync
                0x000000000800ad78       0x24 ./src/cc3000_spi.o
                0x000000000800ad78                SpiWriteAsync
 .text.SpiReadWriteStringInt
                0x000000000800ad9c       0xfc ./src/cc3000_spi.o
                0x000000000800ad9c                SpiReadWriteStringInt
 .text.SpiReadWriteString
                0x000000000800ae98       0xe8 ./src/cc3000_spi.o
                0x000000000800ae98                SpiReadWriteString
 .text.SpiFirstWrite
                0x000000000800af80       0x70 ./src/cc3000_spi.o
                0x000000000800af80                SpiFirstWrite
 .text.SpiWrite
                0x000000000800aff0      0x16c ./src/cc3000_spi.o
                0x000000000800aff0                SpiWrite
 .text.SpiReadDataCont
                0x000000000800b15c      0x104 ./src/cc3000_spi.o
                0x000000000800b15c                SpiReadDataCont
 .text.SpiReadHeader
                0x000000000800b260       0x20 ./src/cc3000_spi.o
                0x000000000800b260                SpiReadHeader
 .text.SpiContReadOperation
                0x000000000800b280       0x14 ./src/cc3000_spi.o
                0x000000000800b280                SpiContReadOperation
 .text.SPI_DMA_IntHandler
                0x000000000800b294      0x198 ./src/cc3000_spi.o
                0x000000000800b294                SPI_DMA_IntHandler
 .text.SPI_EXTI_IntHandler
                0x000000000800b42c       0xd8 ./src/cc3000_spi.o
                0x000000000800b42c                SPI_EXTI_IntHandler
 .text.NVIC_GetPriorityGrouping
                0x000000000800b504       0x20 ./src/hw_config.o
 .text.NVIC_SetPriority
                0x000000000800b524       0x5c ./src/hw_config.o
 .text.NVIC_EncodePriority
                0x000000000800b580       0x78 ./src/hw_config.o
 .text.SysTick_Config
                0x000000000800b5f8       0x64 ./src/hw_config.o
 .text.Set_System
                0x000000000800b65c       0xe0 ./src/hw_config.o
                0x000000000800b65c                Set_System
 .text.NVIC_Configuration
                0x000000000800b73c       0x1c ./src/hw_config.o
                0x000000000800b73c                NVIC_Configuration
 .text.DIO_Init
                0x000000000800b758       0x6c ./src/hw_config.o
                0x000000000800b758                DIO_Init
 .text.DIO_SetState
                0x000000000800b7c4       0x78 ./src/hw_config.o
                0x000000000800b7c4                DIO_SetState
 .text.LED_Init
                0x000000000800b83c       0x60 ./src/hw_config.o
                0x000000000800b83c                LED_Init
 .text.LED_On   0x000000000800b89c       0x34 ./src/hw_config.o
                0x000000000800b89c                LED_On
 .text.LED_Off  0x000000000800b8d0       0x34 ./src/hw_config.o
                0x000000000800b8d0                LED_Off
 .text.LED_Toggle
                0x000000000800b904       0x44 ./src/hw_config.o
                0x000000000800b904                LED_Toggle
 .text.BUTTON_Init
                0x000000000800b948      0x178 ./src/hw_config.o
                0x000000000800b948                BUTTON_Init
 .text.BUTTON_EXTI_Config
                0x000000000800bac0       0x84 ./src/hw_config.o
                0x000000000800bac0                BUTTON_EXTI_Config
 .text.BUTTON_GetState
                0x000000000800bb44       0x3c ./src/hw_config.o
                0x000000000800bb44                BUTTON_GetState
 .text.BUTTON_GetDebouncedState
                0x000000000800bb80       0x40 ./src/hw_config.o
                0x000000000800bb80                BUTTON_GetDebouncedState
 .text.CC3000_WIFI_Init
                0x000000000800bbc0       0x70 ./src/hw_config.o
                0x000000000800bbc0                CC3000_WIFI_Init
 .text.CC3000_SPI_Init
                0x000000000800bc30       0xc8 ./src/hw_config.o
                0x000000000800bc30                CC3000_SPI_Init
 .text.CC3000_DMA_Config
                0x000000000800bcf8       0xbc ./src/hw_config.o
                0x000000000800bcf8                CC3000_DMA_Config
 .text.CC3000_SPI_DMA_Init
                0x000000000800bdb4       0xc8 ./src/hw_config.o
                0x000000000800bdb4                CC3000_SPI_DMA_Init
 .text.CC3000_SPI_DMA_Channels
                0x000000000800be7c       0x34 ./src/hw_config.o
                0x000000000800be7c                CC3000_SPI_DMA_Channels
 .text.CC3000_Read_Interrupt_Pin
                0x000000000800beb0       0x1c ./src/hw_config.o
                0x000000000800beb0                CC3000_Read_Interrupt_Pin
 .text.CC3000_Interrupt_Enable
                0x000000000800becc       0x90 ./src/hw_config.o
                0x000000000800becc                CC3000_Interrupt_Enable
 .text.CC3000_Interrupt_Disable
                0x000000000800bf5c       0x3c ./src/hw_config.o
                0x000000000800bf5c                CC3000_Interrupt_Disable
 .text.CC3000_Write_Enable_Pin
                0x000000000800bf98       0x3c ./src/hw_config.o
                0x000000000800bf98                CC3000_Write_Enable_Pin
 .text.USB_Disconnect_Config
                0x000000000800bfd4       0x40 ./src/hw_config.o
                0x000000000800bfd4                USB_Disconnect_Config
 .text.Set_USBClock
                0x000000000800c014       0x1c ./src/hw_config.o
                0x000000000800c014                Set_USBClock
 .text.USB_Interrupts_Config
                0x000000000800c030       0x30 ./src/hw_config.o
                0x000000000800c030                USB_Interrupts_Config
 .text.USB_Cable_Config
                0x000000000800c060       0x3c ./src/hw_config.o
                0x000000000800c060                USB_Cable_Config
 .text.USB_USART_Init
                0x000000000800c09c       0x2c ./src/hw_config.o
                0x000000000800c09c                USB_USART_Init
 .text.USB_USART_Available_Data
                0x000000000800c0c8       0x4c ./src/hw_config.o
                0x000000000800c0c8                USB_USART_Available_Data
 .text.USB_USART_Receive_Data
                0x000000000800c114       0x88 ./src/hw_config.o
                0x000000000800c114                USB_USART_Receive_Data
 .text.USB_USART_Send_Data
                0x000000000800c19c       0x70 ./src/hw_config.o
                0x000000000800c19c                USB_USART_Send_Data
 .text.Handle_USBAsynchXfer
                0x000000000800c20c      0x18c ./src/hw_config.o
                0x000000000800c20c                Handle_USBAsynchXfer
 .text.Get_SerialNum
                0x000000000800c398       0x60 ./src/hw_config.o
                0x000000000800c398                Get_SerialNum
 .text.IntToUnicode
                0x000000000800c3f8       0x94 ./src/hw_config.o
 .text.NVIC_SystemReset
                0x000000000800c48c       0x30 ./src/main.o
 .text.main     0x000000000800c4bc      0x1e0 ./src/main.o
                0x000000000800c4bc                main
 .text.Delay    0x000000000800c69c       0x30 ./src/main.o
                0x000000000800c69c                Delay
 .text.Timing_Decrement
                0x000000000800c6cc      0x220 ./src/main.o
                0x000000000800c6cc                Timing_Decrement
 .text.Load_SystemFlags
                0x000000000800c8ec       0x4c ./src/main.o
                0x000000000800c8ec                Load_SystemFlags
 .text.Save_SystemFlags
                0x000000000800c938       0x8c ./src/main.o
                0x000000000800c938                Save_SystemFlags
 .text.Set_NetApp_Timeout
                0x000000000800c9c4       0x5c ./src/main.o
                0x000000000800c9c4                Set_NetApp_Timeout
 .text.Start_Smart_Config
                0x000000000800ca20       0xdc ./src/main.o
                0x000000000800ca20                Start_Smart_Config
 .text.WLAN_Async_Callback
                0x000000000800cafc       0xec ./src/main.o
                0x000000000800cafc                WLAN_Async_Callback
 .text.WLAN_Firmware_Patch
                0x000000000800cbe8       0x20 ./src/main.o
                0x000000000800cbe8                WLAN_Firmware_Patch
 .text.WLAN_Driver_Patch
                0x000000000800cc08       0x20 ./src/main.o
                0x000000000800cc08                WLAN_Driver_Patch
 .text.WLAN_BootLoader_Patch
                0x000000000800cc28       0x20 ./src/main.o
                0x000000000800cc28                WLAN_BootLoader_Patch
 .text.Spark_Connect
                0x000000000800cc48       0xf8 ./src/spark_utilities.o
                0x000000000800cc48                Spark_Connect
 .text.Spark_Disconnect
                0x000000000800cd40       0x40 ./src/spark_utilities.o
                0x000000000800cd40                Spark_Disconnect
 .text.receive_line
                0x000000000800cd80      0x1cc ./src/spark_utilities.o
                0x000000000800cd80                receive_line
 .text.process_command
                0x000000000800cf4c      0x2f4 ./src/spark_utilities.o
                0x000000000800cf4c                process_command
 .text.Spark_Process_API_Response
                0x000000000800d240       0x24 ./src/spark_utilities.o
                0x000000000800d240                Spark_Process_API_Response
 .text.user_function
                0x000000000800d264       0x7c ./src/spark_utilities.o
 .text.Spark_Send_Device_Message
                0x000000000800d2e0      0x144 ./src/spark_utilities.o
 .text.itoa     0x000000000800d424       0xd0 ./src/spark_utilities.o
 .text.atoc     0x000000000800d4f4       0x80 ./src/spark_utilities.o
 .text.pinMode  0x000000000800d574      0x1b4 ./src/spark_wiring.o
                0x000000000800d574                pinMode
 .text.digitalWrite
                0x000000000800d728      0x144 ./src/spark_wiring.o
                0x000000000800d728                digitalWrite
 .text.delay    0x000000000800d86c       0x18 ./src/spark_wiring.o
                0x000000000800d86c                delay
 .text.serial_begin
                0x000000000800d884       0x18 ./src/spark_wiring.o
                0x000000000800d884                serial_begin
 .text.serial_end
                0x000000000800d89c        0xc ./src/spark_wiring.o
                0x000000000800d89c                serial_end
 .text.serial_available
                0x000000000800d8a8       0x10 ./src/spark_wiring.o
                0x000000000800d8a8                serial_available
 .text.serial_read
                0x000000000800d8b8       0x10 ./src/spark_wiring.o
                0x000000000800d8b8                serial_read
 .text.serial_write
                0x000000000800d8c8       0x1c ./src/spark_wiring.o
                0x000000000800d8c8                serial_write
 .text.serial_print
                0x000000000800d8e4       0x2c ./src/spark_wiring.o
                0x000000000800d8e4                serial_print
 .text.serial_println
                0x000000000800d910       0x24 ./src/spark_wiring.o
                0x000000000800d910                serial_println
 .text.serial1_begin
                0x000000000800d934       0x94 ./src/spark_wiring.o
                0x000000000800d934                serial1_begin
 .text.serial1_end
                0x000000000800d9c8       0x24 ./src/spark_wiring.o
                0x000000000800d9c8                serial1_end
 .text.serial1_available
                0x000000000800d9ec       0x28 ./src/spark_wiring.o
                0x000000000800d9ec                serial1_available
 .text.serial1_read
                0x000000000800da14       0x18 ./src/spark_wiring.o
                0x000000000800da14                serial1_read
 .text.serial1_write
                0x000000000800da2c       0x3c ./src/spark_wiring.o
                0x000000000800da2c                serial1_write
 .text.serial1_print
                0x000000000800da68       0x2c ./src/spark_wiring.o
                0x000000000800da68                serial1_print
 .text.serial1_println
                0x000000000800da94       0x24 ./src/spark_wiring.o
                0x000000000800da94                serial1_println
 .text.NMI_Handler
                0x000000000800dab8        0xc ./src/stm32_it.o
                0x000000000800dab8                NMI_Handler
 .text.HardFault_Handler
                0x000000000800dac4        0x8 ./src/stm32_it.o
                0x000000000800dac4                HardFault_Handler
 .text.MemManage_Handler
                0x000000000800dacc        0x8 ./src/stm32_it.o
                0x000000000800dacc                MemManage_Handler
 .text.BusFault_Handler
                0x000000000800dad4        0x8 ./src/stm32_it.o
                0x000000000800dad4                BusFault_Handler
 .text.UsageFault_Handler
                0x000000000800dadc        0x8 ./src/stm32_it.o
                0x000000000800dadc                UsageFault_Handler
 .text.SVC_Handler
                0x000000000800dae4        0xc ./src/stm32_it.o
                0x000000000800dae4                SVC_Handler
 .text.DebugMon_Handler
                0x000000000800daf0        0xc ./src/stm32_it.o
                0x000000000800daf0                DebugMon_Handler
 .text.PendSV_Handler
                0x000000000800dafc        0xc ./src/stm32_it.o
                0x000000000800dafc                PendSV_Handler
 .text.SysTick_Handler
                0x000000000800db08        0xc ./src/stm32_it.o
                0x000000000800db08                SysTick_Handler
 .text.DMA1_Channel3_IRQHandler
                0x000000000800db14        0xc ./src/stm32_it.o
                0x000000000800db14                DMA1_Channel3_IRQHandler
 .text.DMA1_Channel5_IRQHandler
                0x000000000800db20        0xc ./src/stm32_it.o
                0x000000000800db20                DMA1_Channel5_IRQHandler
 .text.EXTI0_IRQHandler
                0x000000000800db2c       0x54 ./src/stm32_it.o
                0x000000000800db2c                EXTI0_IRQHandler
 .text.EXTI15_10_IRQHandler
                0x000000000800db80       0x54 ./src/stm32_it.o
                0x000000000800db80                EXTI15_10_IRQHandler
 .text.TIM1_UP_IRQHandler
                0x000000000800dbd4       0x64 ./src/stm32_it.o
                0x000000000800dbd4                TIM1_UP_IRQHandler
 .text.USB_LP_CAN1_RX0_IRQHandler
                0x000000000800dc38        0xc ./src/stm32_it.o
                0x000000000800dc38                USB_LP_CAN1_RX0_IRQHandler
 .text.SystemInit
                0x000000000800dc44       0xa8 ./src/system_stm32f10x.o
                0x000000000800dc44                SystemInit
 .text.SetSysClock
                0x000000000800dcec        0xc ./src/system_stm32f10x.o
 .text.SetSysClockTo72
                0x000000000800dcf8      0x1ac ./src/system_stm32f10x.o
 .text.EP1_IN_Callback
                0x000000000800dea4      0x100 ./src/usb_endp.o
                0x000000000800dea4                EP1_IN_Callback
 .text.EP3_OUT_Callback
                0x000000000800dfa4       0x54 ./src/usb_endp.o
                0x000000000800dfa4                EP3_OUT_Callback
 .text.SOF_Callback
                0x000000000800dff8       0x4c ./src/usb_endp.o
                0x000000000800dff8                SOF_Callback
 .text.USB_Istr
                0x000000000800e044       0xc8 ./src/usb_istr.o
                0x000000000800e044                USB_Istr
 .text.Virtual_Com_Port_init
                0x000000000800e10c       0x30 ./src/usb_prop.o
                0x000000000800e10c                Virtual_Com_Port_init
 .text.Virtual_Com_Port_Reset
                0x000000000800e13c      0x14c ./src/usb_prop.o
                0x000000000800e13c                Virtual_Com_Port_Reset
 .text.Virtual_Com_Port_SetConfiguration
                0x000000000800e288       0x30 ./src/usb_prop.o
                0x000000000800e288                Virtual_Com_Port_SetConfiguration
 .text.Virtual_Com_Port_SetDeviceAddress
                0x000000000800e2b8       0x18 ./src/usb_prop.o
                0x000000000800e2b8                Virtual_Com_Port_SetDeviceAddress
 .text.Virtual_Com_Port_Status_In
                0x000000000800e2d0       0x28 ./src/usb_prop.o
                0x000000000800e2d0                Virtual_Com_Port_Status_In
 .text.Virtual_Com_Port_Status_Out
                0x000000000800e2f8        0xc ./src/usb_prop.o
                0x000000000800e2f8                Virtual_Com_Port_Status_Out
 .text.Virtual_Com_Port_Data_Setup
                0x000000000800e304       0xa8 ./src/usb_prop.o
                0x000000000800e304                Virtual_Com_Port_Data_Setup
 .text.Virtual_Com_Port_NoData_Setup
                0x000000000800e3ac       0x48 ./src/usb_prop.o
                0x000000000800e3ac                Virtual_Com_Port_NoData_Setup
 .text.Virtual_Com_Port_GetDeviceDescriptor
                0x000000000800e3f4       0x28 ./src/usb_prop.o
                0x000000000800e3f4                Virtual_Com_Port_GetDeviceDescriptor
 .text.Virtual_Com_Port_GetConfigDescriptor
                0x000000000800e41c       0x28 ./src/usb_prop.o
                0x000000000800e41c                Virtual_Com_Port_GetConfigDescriptor
 .text.Virtual_Com_Port_GetStringDescriptor
                0x000000000800e444       0x4c ./src/usb_prop.o
                0x000000000800e444                Virtual_Com_Port_GetStringDescriptor
 .text.Virtual_Com_Port_Get_Interface_Setting
                0x000000000800e490       0x38 ./src/usb_prop.o
                0x000000000800e490                Virtual_Com_Port_Get_Interface_Setting
 .text.Virtual_Com_Port_GetLineCoding
                0x000000000800e4c8       0x3c ./src/usb_prop.o
                0x000000000800e4c8                Virtual_Com_Port_GetLineCoding
 .text.Virtual_Com_Port_SetLineCoding
                0x000000000800e504       0x3c ./src/usb_prop.o
                0x000000000800e504                Virtual_Com_Port_SetLineCoding
 .text.PowerOn  0x000000000800e540       0x80 ./src/usb_pwr.o
                0x000000000800e540                PowerOn
 .text.Standard_GetConfiguration
                0x000000000800e5c0       0x4c ./libraries/STM32_USB-FS-Device_Driver/src/usb_core.o
                0x000000000800e5c0                Standard_GetConfiguration
 .text.Standard_SetConfiguration
                0x000000000800e60c       0x74 ./libraries/STM32_USB-FS-Device_Driver/src/usb_core.o
                0x000000000800e60c                Standard_SetConfiguration
 .text.Standard_GetInterface
                0x000000000800e680       0x4c ./libraries/STM32_USB-FS-Device_Driver/src/usb_core.o
                0x000000000800e680                Standard_GetInterface
 .text.Standard_SetInterface
                0x000000000800e6cc       0xc8 ./libraries/STM32_USB-FS-Device_Driver/src/usb_core.o
                0x000000000800e6cc                Standard_SetInterface
 .text.Standard_GetStatus
                0x000000000800e794      0x1bc ./libraries/STM32_USB-FS-Device_Driver/src/usb_core.o
                0x000000000800e794                Standard_GetStatus
 .text.Standard_ClearFeature
                0x000000000800e950      0x230 ./libraries/STM32_USB-FS-Device_Driver/src/usb_core.o
                0x000000000800e950                Standard_ClearFeature
 .text.Standard_SetEndPointFeature
                0x000000000800eb80      0x148 ./libraries/STM32_USB-FS-Device_Driver/src/usb_core.o
                0x000000000800eb80                Standard_SetEndPointFeature
 .text.Standard_SetDeviceFeature
                0x000000000800ecc8       0x38 ./libraries/STM32_USB-FS-Device_Driver/src/usb_core.o
                0x000000000800ecc8                Standard_SetDeviceFeature
 .text.Standard_GetDescriptorData
                0x000000000800ed00       0x54 ./libraries/STM32_USB-FS-Device_Driver/src/usb_core.o
                0x000000000800ed00                Standard_GetDescriptorData
 .text.DataStageOut
                0x000000000800ed54      0x13c ./libraries/STM32_USB-FS-Device_Driver/src/usb_core.o
 .text.DataStageIn
                0x000000000800ee90      0x150 ./libraries/STM32_USB-FS-Device_Driver/src/usb_core.o
 .text.NoData_Setup0
                0x000000000800efe0      0x208 ./libraries/STM32_USB-FS-Device_Driver/src/usb_core.o
 .text.Data_Setup0
                0x000000000800f1e8      0x488 ./libraries/STM32_USB-FS-Device_Driver/src/usb_core.o
 .text.Setup0_Process
                0x000000000800f670      0x120 ./libraries/STM32_USB-FS-Device_Driver/src/usb_core.o
                0x000000000800f670                Setup0_Process
 .text.In0_Process
                0x000000000800f790       0xbc ./libraries/STM32_USB-FS-Device_Driver/src/usb_core.o
                0x000000000800f790                In0_Process
 .text.Out0_Process
                0x000000000800f84c       0x8c ./libraries/STM32_USB-FS-Device_Driver/src/usb_core.o
                0x000000000800f84c                Out0_Process
 .text.Post0_Process
                0x000000000800f8d8       0x60 ./libraries/STM32_USB-FS-Device_Driver/src/usb_core.o
                0x000000000800f8d8                Post0_Process
 .text.SetDeviceAddress
                0x000000000800f938       0x88 ./libraries/STM32_USB-FS-Device_Driver/src/usb_core.o
                0x000000000800f938                SetDeviceAddress
 .text.NOP_Process
                0x000000000800f9c0        0xc ./libraries/STM32_USB-FS-Device_Driver/src/usb_core.o
                0x000000000800f9c0                NOP_Process
 .text.USB_Init
                0x000000000800f9cc       0x5c ./libraries/STM32_USB-FS-Device_Driver/src/usb_init.o
                0x000000000800f9cc                USB_Init
 .text.CTR_LP   0x000000000800fa28      0x428 ./libraries/STM32_USB-FS-Device_Driver/src/usb_int.o
                0x000000000800fa28                CTR_LP
 .text.UserToPMABufferCopy
                0x000000000800fe50       0x88 ./libraries/STM32_USB-FS-Device_Driver/src/usb_mem.o
                0x000000000800fe50                UserToPMABufferCopy
 .text.PMAToUserBufferCopy
                0x000000000800fed8       0x6c ./libraries/STM32_USB-FS-Device_Driver/src/usb_mem.o
                0x000000000800fed8                PMAToUserBufferCopy
 .text.SetBTABLE
                0x000000000800ff44       0x28 ./libraries/STM32_USB-FS-Device_Driver/src/usb_regs.o
                0x000000000800ff44                SetBTABLE
 .text.SetEPType
                0x000000000800ff6c       0x4c ./libraries/STM32_USB-FS-Device_Driver/src/usb_regs.o
                0x000000000800ff6c                SetEPType
 .text.SetEPTxStatus
                0x000000000800ffb8       0x74 ./libraries/STM32_USB-FS-Device_Driver/src/usb_regs.o
                0x000000000800ffb8                SetEPTxStatus
 .text.SetEPRxStatus
                0x000000000801002c       0x74 ./libraries/STM32_USB-FS-Device_Driver/src/usb_regs.o
                0x000000000801002c                SetEPRxStatus
 .text.SetEPTxValid
                0x00000000080100a0       0x58 ./libraries/STM32_USB-FS-Device_Driver/src/usb_regs.o
                0x00000000080100a0                SetEPTxValid
 .text.SetEPRxValid
                0x00000000080100f8       0x58 ./libraries/STM32_USB-FS-Device_Driver/src/usb_regs.o
                0x00000000080100f8                SetEPRxValid
 .text.Clear_Status_Out
                0x0000000008010150       0x58 ./libraries/STM32_USB-FS-Device_Driver/src/usb_regs.o
                0x0000000008010150                Clear_Status_Out
 .text.ClearDTOG_RX
                0x00000000080101a8       0x60 ./libraries/STM32_USB-FS-Device_Driver/src/usb_regs.o
                0x00000000080101a8                ClearDTOG_RX
 .text.ClearDTOG_TX
                0x0000000008010208       0x60 ./libraries/STM32_USB-FS-Device_Driver/src/usb_regs.o
                0x0000000008010208                ClearDTOG_TX
 .text.SetEPTxAddr
                0x0000000008010268       0x48 ./libraries/STM32_USB-FS-Device_Driver/src/usb_regs.o
                0x0000000008010268                SetEPTxAddr
 .text.SetEPRxAddr
                0x00000000080102b0       0x4c ./libraries/STM32_USB-FS-Device_Driver/src/usb_regs.o
                0x00000000080102b0                SetEPRxAddr
 .text.GetEPTxAddr
                0x00000000080102fc       0x3c ./libraries/STM32_USB-FS-Device_Driver/src/usb_regs.o
                0x00000000080102fc                GetEPTxAddr
 .text.GetEPRxAddr
                0x0000000008010338       0x40 ./libraries/STM32_USB-FS-Device_Driver/src/usb_regs.o
                0x0000000008010338                GetEPRxAddr
 .text.SetEPTxCount
                0x0000000008010378       0x40 ./libraries/STM32_USB-FS-Device_Driver/src/usb_regs.o
                0x0000000008010378                SetEPTxCount
 .text.SetEPRxCount
                0x00000000080103b8       0x98 ./libraries/STM32_USB-FS-Device_Driver/src/usb_regs.o
                0x00000000080103b8                SetEPRxCount
 .text.GetEPRxCount
                0x0000000008010450       0x48 ./libraries/STM32_USB-FS-Device_Driver/src/usb_regs.o
                0x0000000008010450                GetEPRxCount
 .text.ByteSwap
                0x0000000008010498       0x34 ./libraries/STM32_USB-FS-Device_Driver/src/usb_regs.o
                0x0000000008010498                ByteSwap
 .text.USB_SIL_Init
                0x00000000080104cc       0x40 ./libraries/STM32_USB-FS-Device_Driver/src/usb_sil.o
                0x00000000080104cc                USB_SIL_Init
 .text.NVIC_PriorityGroupConfig
                0x000000000801050c       0x28 ./libraries/STM32F10x_StdPeriph_Driver/src/misc.o
                0x000000000801050c                NVIC_PriorityGroupConfig
 .text.NVIC_Init
                0x0000000008010534       0xe8 ./libraries/STM32F10x_StdPeriph_Driver/src/misc.o
                0x0000000008010534                NVIC_Init
 .text.NVIC_SetVectorTable
                0x000000000801061c       0x2c ./libraries/STM32F10x_StdPeriph_Driver/src/misc.o
                0x000000000801061c                NVIC_SetVectorTable
 .text.DMA_DeInit
                0x0000000008010648      0x220 ./libraries/STM32F10x_StdPeriph_Driver/src/stm32f10x_dma.o
                0x0000000008010648                DMA_DeInit
 .text.DMA_Init
                0x0000000008010868       0x80 ./libraries/STM32F10x_StdPeriph_Driver/src/stm32f10x_dma.o
                0x0000000008010868                DMA_Init
 .text.DMA_Cmd  0x00000000080108e8       0x38 ./libraries/STM32F10x_StdPeriph_Driver/src/stm32f10x_dma.o
                0x00000000080108e8                DMA_Cmd
 .text.DMA_ITConfig
                0x0000000008010920       0x3c ./libraries/STM32F10x_StdPeriph_Driver/src/stm32f10x_dma.o
                0x0000000008010920                DMA_ITConfig
 .text.DMA_GetCurrDataCounter
                0x000000000801095c       0x1c ./libraries/STM32F10x_StdPeriph_Driver/src/stm32f10x_dma.o
                0x000000000801095c                DMA_GetCurrDataCounter
 .text.DMA_GetFlagStatus
                0x0000000008010978       0x60 ./libraries/STM32F10x_StdPeriph_Driver/src/stm32f10x_dma.o
                0x0000000008010978                DMA_GetFlagStatus
 .text.DMA_ClearFlag
                0x00000000080109d8       0x38 ./libraries/STM32F10x_StdPeriph_Driver/src/stm32f10x_dma.o
                0x00000000080109d8                DMA_ClearFlag
 .text.EXTI_Init
                0x0000000008010a10      0x138 ./libraries/STM32F10x_StdPeriph_Driver/src/stm32f10x_exti.o
                0x0000000008010a10                EXTI_Init
 .text.EXTI_ClearFlag
                0x0000000008010b48       0x20 ./libraries/STM32F10x_StdPeriph_Driver/src/stm32f10x_exti.o
                0x0000000008010b48                EXTI_ClearFlag
 .text.EXTI_GetITStatus
                0x0000000008010b68       0x58 ./libraries/STM32F10x_StdPeriph_Driver/src/stm32f10x_exti.o
                0x0000000008010b68                EXTI_GetITStatus
 .text.FLASH_Unlock
                0x0000000008010bc0       0x30 ./libraries/STM32F10x_StdPeriph_Driver/src/stm32f10x_flash.o
                0x0000000008010bc0                FLASH_Unlock
 .text.FLASH_Lock
                0x0000000008010bf0       0x24 ./libraries/STM32F10x_StdPeriph_Driver/src/stm32f10x_flash.o
                0x0000000008010bf0                FLASH_Lock
 .text.FLASH_ErasePage
                0x0000000008010c14       0x90 ./libraries/STM32F10x_StdPeriph_Driver/src/stm32f10x_flash.o
                0x0000000008010c14                FLASH_ErasePage
 .text.FLASH_ProgramHalfWord
                0x0000000008010ca4       0x74 ./libraries/STM32F10x_StdPeriph_Driver/src/stm32f10x_flash.o
                0x0000000008010ca4                FLASH_ProgramHalfWord
 .text.FLASH_ClearFlag
                0x0000000008010d18       0x20 ./libraries/STM32F10x_StdPeriph_Driver/src/stm32f10x_flash.o
                0x0000000008010d18                FLASH_ClearFlag
 .text.FLASH_GetBank1Status
                0x0000000008010d38       0x70 ./libraries/STM32F10x_StdPeriph_Driver/src/stm32f10x_flash.o
                0x0000000008010d38                FLASH_GetBank1Status
 .text.FLASH_WaitForLastOperation
                0x0000000008010da8       0x4c ./libraries/STM32F10x_StdPeriph_Driver/src/stm32f10x_flash.o
                0x0000000008010da8                FLASH_WaitForLastOperation
 .text.GPIO_Init
                0x0000000008010df4      0x1b0 ./libraries/STM32F10x_StdPeriph_Driver/src/stm32f10x_gpio.o
                0x0000000008010df4                GPIO_Init
 .text.GPIO_ReadInputDataBit
                0x0000000008010fa4       0x3c ./libraries/STM32F10x_StdPeriph_Driver/src/stm32f10x_gpio.o
                0x0000000008010fa4                GPIO_ReadInputDataBit
 .text.GPIO_SetBits
                0x0000000008010fe0       0x1c ./libraries/STM32F10x_StdPeriph_Driver/src/stm32f10x_gpio.o
                0x0000000008010fe0                GPIO_SetBits
 .text.GPIO_ResetBits
                0x0000000008010ffc       0x1c ./libraries/STM32F10x_StdPeriph_Driver/src/stm32f10x_gpio.o
                0x0000000008010ffc                GPIO_ResetBits
 .text.GPIO_PinRemapConfig
                0x0000000008011018      0x120 ./libraries/STM32F10x_StdPeriph_Driver/src/stm32f10x_gpio.o
                0x0000000008011018                GPIO_PinRemapConfig
 .text.GPIO_EXTILineConfig
                0x0000000008011138       0xb0 ./libraries/STM32F10x_StdPeriph_Driver/src/stm32f10x_gpio.o
                0x0000000008011138                GPIO_EXTILineConfig
 .text.PWR_BackupAccessCmd
                0x00000000080111e8       0x20 ./libraries/STM32F10x_StdPeriph_Driver/src/stm32f10x_pwr.o
                0x00000000080111e8                PWR_BackupAccessCmd
 .text.RCC_USBCLKConfig
                0x0000000008011208       0x20 ./libraries/STM32F10x_StdPeriph_Driver/src/stm32f10x_rcc.o
                0x0000000008011208                RCC_USBCLKConfig
 .text.RCC_GetClocksFreq
                0x0000000008011228      0x1d4 ./libraries/STM32F10x_StdPeriph_Driver/src/stm32f10x_rcc.o
                0x0000000008011228                RCC_GetClocksFreq
 .text.RCC_AHBPeriphClockCmd
                0x00000000080113fc       0x54 ./libraries/STM32F10x_StdPeriph_Driver/src/stm32f10x_rcc.o
                0x00000000080113fc                RCC_AHBPeriphClockCmd
 .text.RCC_APB2PeriphClockCmd
                0x0000000008011450       0x54 ./libraries/STM32F10x_StdPeriph_Driver/src/stm32f10x_rcc.o
                0x0000000008011450                RCC_APB2PeriphClockCmd
 .text.RCC_APB1PeriphClockCmd
                0x00000000080114a4       0x54 ./libraries/STM32F10x_StdPeriph_Driver/src/stm32f10x_rcc.o
                0x00000000080114a4                RCC_APB1PeriphClockCmd
 .text.SPI_Init
                0x00000000080114f8       0x88 ./libraries/STM32F10x_StdPeriph_Driver/src/stm32f10x_spi.o
                0x00000000080114f8                SPI_Init
 .text.SPI_Cmd  0x0000000008011580       0x40 ./libraries/STM32F10x_StdPeriph_Driver/src/stm32f10x_spi.o
                0x0000000008011580                SPI_Cmd
 .text.SPI_I2S_DMACmd
                0x00000000080115c0       0x48 ./libraries/STM32F10x_StdPeriph_Driver/src/stm32f10x_spi.o
                0x00000000080115c0                SPI_I2S_DMACmd
 .text.SPI_I2S_GetFlagStatus
                0x0000000008011608       0x40 ./libraries/STM32F10x_StdPeriph_Driver/src/stm32f10x_spi.o
                0x0000000008011608                SPI_I2S_GetFlagStatus
 .text.TIM_TimeBaseInit
                0x0000000008011648      0x11c ./libraries/STM32F10x_StdPeriph_Driver/src/stm32f10x_tim.o
                0x0000000008011648                TIM_TimeBaseInit
 .text.TIM_TimeBaseStructInit
                0x0000000008011764       0x3c ./libraries/STM32F10x_StdPeriph_Driver/src/stm32f10x_tim.o
                0x0000000008011764                TIM_TimeBaseStructInit
 .text.TIM_Cmd  0x00000000080117a0       0x40 ./libraries/STM32F10x_StdPeriph_Driver/src/stm32f10x_tim.o
                0x00000000080117a0                TIM_Cmd
 .text.TIM_ITConfig
                0x00000000080117e0       0x48 ./libraries/STM32F10x_StdPeriph_Driver/src/stm32f10x_tim.o
                0x00000000080117e0                TIM_ITConfig
 .text.TIM_SelectOnePulseMode
                0x0000000008011828       0x38 ./libraries/STM32F10x_StdPeriph_Driver/src/stm32f10x_tim.o
                0x0000000008011828                TIM_SelectOnePulseMode
 .text.TIM_GetITStatus
                0x0000000008011860       0x60 ./libraries/STM32F10x_StdPeriph_Driver/src/stm32f10x_tim.o
                0x0000000008011860                TIM_GetITStatus
 .text.TIM_ClearITPendingBit
                0x00000000080118c0       0x24 ./libraries/STM32F10x_StdPeriph_Driver/src/stm32f10x_tim.o
                0x00000000080118c0                TIM_ClearITPendingBit
 .text.USART_Init
                0x00000000080118e4      0x1ac ./libraries/STM32F10x_StdPeriph_Driver/src/stm32f10x_usart.o
                0x00000000080118e4                USART_Init
 .text.USART_Cmd
                0x0000000008011a90       0x40 ./libraries/STM32F10x_StdPeriph_Driver/src/stm32f10x_usart.o
                0x0000000008011a90                USART_Cmd
 .text.USART_SendData
                0x0000000008011ad0       0x28 ./libraries/STM32F10x_StdPeriph_Driver/src/stm32f10x_usart.o
                0x0000000008011ad0                USART_SendData
 .text.USART_ReceiveData
                0x0000000008011af8       0x24 ./libraries/STM32F10x_StdPeriph_Driver/src/stm32f10x_usart.o
                0x0000000008011af8                USART_ReceiveData
 .text.USART_GetFlagStatus
                0x0000000008011b1c       0x40 ./libraries/STM32F10x_StdPeriph_Driver/src/stm32f10x_usart.o
                0x0000000008011b1c                USART_GetFlagStatus
 .text.UINT32_TO_STREAM_f
                0x0000000008011b5c       0x64 ./libraries/CC3000_Host_Driver/cc3000_common.o
                0x0000000008011b5c                UINT32_TO_STREAM_f
 .text.UINT16_TO_STREAM_f
                0x0000000008011bc0       0x40 ./libraries/CC3000_Host_Driver/cc3000_common.o
                0x0000000008011bc0                UINT16_TO_STREAM_f
 .text.STREAM_TO_UINT16_f
                0x0000000008011c00       0x38 ./libraries/CC3000_Host_Driver/cc3000_common.o
                0x0000000008011c00                STREAM_TO_UINT16_f
 .text.STREAM_TO_UINT32_f
                0x0000000008011c38       0x58 ./libraries/CC3000_Host_Driver/cc3000_common.o
                0x0000000008011c38                STREAM_TO_UINT32_f
 .text.hci_unsol_handle_patch_request
                0x0000000008011c90      0x158 ./libraries/CC3000_Host_Driver/evnt_handler.o
                0x0000000008011c90                hci_unsol_handle_patch_request
 .text.hci_event_handler
                0x0000000008011de8      0x5dc ./libraries/CC3000_Host_Driver/evnt_handler.o
                0x0000000008011de8                hci_event_handler
 .text.hci_unsol_event_handler
                0x00000000080123c4      0x338 ./libraries/CC3000_Host_Driver/evnt_handler.o
                0x00000000080123c4                hci_unsol_event_handler
 .text.hci_unsolicited_event_handler
                0x00000000080126fc       0x60 ./libraries/CC3000_Host_Driver/evnt_handler.o
                0x00000000080126fc                hci_unsolicited_event_handler
 .text.set_socket_active_status
                0x000000000801275c       0x74 ./libraries/CC3000_Host_Driver/evnt_handler.o
                0x000000000801275c                set_socket_active_status
 .text.hci_event_unsol_flowcontrol_handler
                0x00000000080127d0       0xa4 ./libraries/CC3000_Host_Driver/evnt_handler.o
 .text.get_socket_active_status
                0x0000000008012874       0x48 ./libraries/CC3000_Host_Driver/evnt_handler.o
                0x0000000008012874                get_socket_active_status
 .text.update_socket_active_status
                0x00000000080128bc       0x40 ./libraries/CC3000_Host_Driver/evnt_handler.o
 .text.SimpleLinkWaitEvent
                0x00000000080128fc       0x30 ./libraries/CC3000_Host_Driver/evnt_handler.o
                0x00000000080128fc                SimpleLinkWaitEvent
 .text.SimpleLinkWaitData
                0x000000000801292c       0x2c ./libraries/CC3000_Host_Driver/evnt_handler.o
                0x000000000801292c                SimpleLinkWaitData
 .text.hci_command_send
                0x0000000008012958       0x64 ./libraries/CC3000_Host_Driver/hci.o
                0x0000000008012958                hci_command_send
 .text.hci_data_send
                0x00000000080129bc       0x88 ./libraries/CC3000_Host_Driver/hci.o
                0x00000000080129bc                hci_data_send
 .text.hci_patch_send
                0x0000000008012a44      0x15c ./libraries/CC3000_Host_Driver/hci.o
                0x0000000008012a44                hci_patch_send
 .text.netapp_timeout_values
                0x0000000008012ba0       0xec ./libraries/CC3000_Host_Driver/netapp.o
                0x0000000008012ba0                netapp_timeout_values
 .text.nvmem_read_sp_version
                0x0000000008012c8c       0x4c ./libraries/CC3000_Host_Driver/nvmem.o
                0x0000000008012c8c                nvmem_read_sp_version
 .text.HostFlowControlConsumeBuff
                0x0000000008012cd8       0x8c ./libraries/CC3000_Host_Driver/socket.o
                0x0000000008012cd8                HostFlowControlConsumeBuff
 .text.socket   0x0000000008012d64       0x88 ./libraries/CC3000_Host_Driver/socket.o
                0x0000000008012d64                socket
 .text.closesocket
                0x0000000008012dec       0x6c ./libraries/CC3000_Host_Driver/socket.o
                0x0000000008012dec                closesocket
 .text.connect  0x0000000008012e58       0xac ./libraries/CC3000_Host_Driver/socket.o
                0x0000000008012e58                connect
 .text.select   0x0000000008012f04      0x194 ./libraries/CC3000_Host_Driver/socket.o
                0x0000000008012f04                select
 .text.simple_link_recv
                0x0000000008013098       0x8c ./libraries/CC3000_Host_Driver/socket.o
                0x0000000008013098                simple_link_recv
 .text.recv     0x0000000008013124       0x38 ./libraries/CC3000_Host_Driver/socket.o
                0x0000000008013124                recv
 .text.simple_link_send
                0x000000000801315c      0x174 ./libraries/CC3000_Host_Driver/socket.o
                0x000000000801315c                simple_link_send
 .text.send     0x00000000080132d0       0x38 ./libraries/CC3000_Host_Driver/socket.o
                0x00000000080132d0                send
 .text.SimpleLink_Init_Start
                0x0000000008013308       0x5c ./libraries/CC3000_Host_Driver/wlan.o
 .text.wlan_init
                0x0000000008013364       0x88 ./libraries/CC3000_Host_Driver/wlan.o
                0x0000000008013364                wlan_init
 .text.SpiReceiveHandler
                0x00000000080133ec       0x30 ./libraries/CC3000_Host_Driver/wlan.o
                0x00000000080133ec                SpiReceiveHandler
 .text.wlan_start
                0x000000000801341c      0x14c ./libraries/CC3000_Host_Driver/wlan.o
                0x000000000801341c                wlan_start
 .text.wlan_connect
                0x0000000008013568      0x194 ./libraries/CC3000_Host_Driver/wlan.o
                0x0000000008013568                wlan_connect
 .text.wlan_ioctl_set_connection_policy
                0x00000000080136fc       0x6c ./libraries/CC3000_Host_Driver/wlan.o
                0x00000000080136fc                wlan_ioctl_set_connection_policy
 .text.wlan_ioctl_del_profile
                0x0000000008013768       0x54 ./libraries/CC3000_Host_Driver/wlan.o
                0x0000000008013768                wlan_ioctl_del_profile
 .text.wlan_set_event_mask
                0x00000000080137bc       0xac ./libraries/CC3000_Host_Driver/wlan.o
                0x00000000080137bc                wlan_set_event_mask
 .text.wlan_smart_config_start
                0x0000000008013868       0x5c ./libraries/CC3000_Host_Driver/wlan.o
                0x0000000008013868                wlan_smart_config_start
 .text.__errno  0x00000000080138c4        0xc /usr/local/gcc-arm-none-eabi-4_7-2013q1/bin/../lib/gcc/arm-none-eabi/4.7.3/../../../../arm-none-eabi/lib/armv7-m/libg.a(lib_a-errno.o)
                0x00000000080138c4                __errno
 .text.memcpy   0x00000000080138d0      0x15c /usr/local/gcc-arm-none-eabi-4_7-2013q1/bin/../lib/gcc/arm-none-eabi/4.7.3/../../../../arm-none-eabi/lib/armv7-m/libg.a(lib_a-memcpy.o)
                0x00000000080138d0                memcpy
 .text.memset   0x0000000008013a2c      0x12c /usr/local/gcc-arm-none-eabi-4_7-2013q1/bin/../lib/gcc/arm-none-eabi/4.7.3/../../../../arm-none-eabi/lib/armv7-m/libg.a(lib_a-memset.o)
                0x0000000008013a2c                memset
 .text.strchr   0x0000000008013b58       0xfc /usr/local/gcc-arm-none-eabi-4_7-2013q1/bin/../lib/gcc/arm-none-eabi/4.7.3/../../../../arm-none-eabi/lib/armv7-m/libg.a(lib_a-strchr.o)
                0x0000000008013b58                strchr
 .text.strcmp   0x0000000008013c54       0x80 /usr/local/gcc-arm-none-eabi-4_7-2013q1/bin/../lib/gcc/arm-none-eabi/4.7.3/../../../../arm-none-eabi/lib/armv7-m/libg.a(lib_a-strcmp.o)
                0x0000000008013c54                strcmp
 .text.strcmp_unaligned
                0x0000000008013cd4      0x15c /usr/local/gcc-arm-none-eabi-4_7-2013q1/bin/../lib/gcc/arm-none-eabi/4.7.3/../../../../arm-none-eabi/lib/armv7-m/libg.a(lib_a-strcmp.o)
 .text.strlen   0x0000000008013e30       0x60 /usr/local/gcc-arm-none-eabi-4_7-2013q1/bin/../lib/gcc/arm-none-eabi/4.7.3/../../../../arm-none-eabi/lib/armv7-m/libg.a(lib_a-strlen.o)
                0x0000000008013e30                strlen
 .text.strncmp  0x0000000008013e90      0x120 /usr/local/gcc-arm-none-eabi-4_7-2013q1/bin/../lib/gcc/arm-none-eabi/4.7.3/../../../../arm-none-eabi/lib/armv7-m/libg.a(lib_a-strncmp.o)
                0x0000000008013e90                strncmp
 .text.strncpy  0x0000000008013fb0      0x10c /usr/local/gcc-arm-none-eabi-4_7-2013q1/bin/../lib/gcc/arm-none-eabi/4.7.3/../../../../arm-none-eabi/lib/armv7-m/libg.a(lib_a-strncpy.o)
                0x0000000008013fb0                strncpy
 .text._strtol_r
                0x00000000080140bc      0x130 /usr/local/gcc-arm-none-eabi-4_7-2013q1/bin/../lib/gcc/arm-none-eabi/4.7.3/../../../../arm-none-eabi/lib/armv7-m/libg.a(lib_a-strtol.o)
                0x00000000080140bc                _strtol_r
 .text.strtol   0x00000000080141ec       0x1c /usr/local/gcc-arm-none-eabi-4_7-2013q1/bin/../lib/gcc/arm-none-eabi/4.7.3/../../../../arm-none-eabi/lib/armv7-m/libg.a(lib_a-strtol.o)
                0x00000000080141ec                strtol
 *(.rodata)
 .rodata        0x0000000008014208       0x18 ./src/application.o
 .rodata        0x0000000008014220       0x58 ./src/hw_config.o
                0x0000000008014220                DIO_PIN
                0x0000000008014230                DIO_CLK
                0x0000000008014250                LED_PIN
                0x0000000008014254                LED_CLK
                0x000000000801425c                BUTTON_PIN
                0x0000000008014260                BUTTON_CLK
                0x0000000008014268                BUTTON_EXTI_LINE
                0x000000000801426c                BUTTON_PORT_SOURCE
                0x0000000008014270                BUTTON_PIN_SOURCE
                0x0000000008014274                BUTTON_IRQn
 .rodata        0x0000000008014278       0x18 ./src/main.o
 .rodata        0x0000000008014290       0x4c ./src/spark_utilities.o
                0x0000000008014290                Device_Secret
                0x0000000008014298                Device_Name
                0x00000000080142a8                Device_Ok
                0x00000000080142ac                Device_Fail
                0x00000000080142b4                Device_CRLF
                0x00000000080142b8                API_Alive
                0x00000000080142c0                API_Who
                0x00000000080142c4                API_UserFunc
                0x00000000080142d0                API_Callback
 .rodata        0x00000000080142dc        0x4 ./src/spark_wiring.o
 .rodata        0x00000000080142e0       0xb8 ./src/usb_desc.o
                0x00000000080142e0                Virtual_Com_Port_DeviceDescriptor
                0x00000000080142f4                Virtual_Com_Port_ConfigDescriptor
                0x0000000008014338                Virtual_Com_Port_StringLangID
                0x000000000801433c                Virtual_Com_Port_StringVendor
                0x0000000008014364                Virtual_Com_Port_StringProduct
 *(.rodata*)
 .rodata.str1.4
                0x0000000008014398        0x4 /usr/local/gcc-arm-none-eabi-4_7-2013q1/bin/../lib/gcc/arm-none-eabi/4.7.3/../../../../arm-none-eabi/lib/armv7-m/libg.a(lib_a-impure.o)
 .rodata._ctype_
                0x000000000801439c      0x104 /usr/local/gcc-arm-none-eabi-4_7-2013q1/bin/../lib/gcc/arm-none-eabi/4.7.3/../../../../arm-none-eabi/lib/armv7-m/libg.a(lib_a-ctype_.o)
                0x000000000801439c                _ctype_
 *(.glue_7)
 .glue_7        0x0000000000000000        0x0 linker stubs
 *(.glue_7t)
 .glue_7t       0x0000000000000000        0x0 linker stubs
                0x00000000080144a0                . = ALIGN (0x4)
                0x00000000080144a0                _etext = .
                0x00000000080144a0                _sidata = _etext

.vfp11_veneer   0x00000000080144a0        0x0
 .vfp11_veneer  0x0000000000000000        0x0 linker stubs

.v4_bx          0x00000000080144a0        0x0
 .v4_bx         0x0000000000000000        0x0 linker stubs

.iplt           0x00000000080144a0        0x0
 .iplt          0x0000000000000000        0x0 ./startup/startup_stm32f10x_md.o

.rel.dyn        0x00000000080144a0        0x0
 .rel.iplt      0x0000000000000000        0x0 ./startup/startup_stm32f10x_md.o

.data           0x0000000020000000      0x738 load address 0x00000000080144a0
                0x0000000020000000                . = ALIGN (0x4)
                0x0000000020000000                _sdata = .
 *(.data)
 .data          0x0000000020000000        0x8 ./src/cc3000_spi.o
                0x0000000020000000                tSpiReadHeader
 .data          0x0000000020000008       0x3c ./src/hw_config.o
                0x0000000020000008                DIO_PORT
                0x0000000020000028                LED_PORT
                0x0000000020000030                BUTTON_PORT
                0x0000000020000038                BUTTON_GPIO_MODE
                0x000000002000003c                BUTTON_EXTI_TRIGGER
                0x0000000020000040                USB_USART_BaudRate
 .data          0x0000000020000044        0x6 ./src/main.o
                0x0000000020000044                WLAN_MANUAL_CONNECT
                0x0000000020000046                NetApp_Timeout_SysFlag
                0x0000000020000048                Smart_Config_SysFlag
 *fill*         0x000000002000004a        0x2 00
 .data          0x000000002000004c       0x1c ./src/spark_utilities.o
                0x000000002000004c                High_Dx
                0x0000000020000054                Low_Dx
                0x000000002000005c                digits
 .data          0x0000000020000068      0x18c ./src/spark_wiring.o
                0x0000000020000068                adcInitFirstTime
                0x0000000020000069                adcChannelConfigured
                0x000000002000006a                digitalPinModeSaved
                0x000000002000006c                PIN_MAP
                0x00000000200001bc                Serial
                0x00000000200001d8                Serial1
 .data          0x00000000200001f4       0x14 ./src/system_stm32f10x.o
                0x00000000200001f4                SystemCoreClock
                0x00000000200001f8                AHBPrescTable
 .data          0x0000000020000208       0x1c ./src/usb_desc.o
                0x0000000020000208                Virtual_Com_Port_StringSerial
 .data          0x0000000020000224       0x38 ./src/usb_istr.o
                0x0000000020000224                pEpInt_IN
                0x0000000020000240                pEpInt_OUT
 .data          0x000000002000025c       0x90 ./src/usb_prop.o
                0x000000002000025c                linecoding
                0x0000000020000264                Device_Table
                0x0000000020000268                Device_Property
                0x0000000020000298                User_Standard_Requests
                0x00000000200002bc                Device_Descriptor
                0x00000000200002c4                Config_Descriptor
                0x00000000200002cc                String_Descriptor
 .data          0x00000000200002ec       0x14 ./libraries/STM32F10x_StdPeriph_Driver/src/stm32f10x_rcc.o
 .data          0x0000000020000300        0x4 ./libraries/CC3000_Host_Driver/evnt_handler.o
                0x0000000020000300                socket_active_status
 *(.data.*)
 *fill*         0x0000000020000304        0x4 00
 .data.impure_data
                0x0000000020000308      0x428 /usr/local/gcc-arm-none-eabi-4_7-2013q1/bin/../lib/gcc/arm-none-eabi/4.7.3/../../../../arm-none-eabi/lib/armv7-m/libg.a(lib_a-impure.o)
 .data._impure_ptr
                0x0000000020000730        0x4 /usr/local/gcc-arm-none-eabi-4_7-2013q1/bin/../lib/gcc/arm-none-eabi/4.7.3/../../../../arm-none-eabi/lib/armv7-m/libg.a(lib_a-impure.o)
                0x0000000020000730                _impure_ptr
 .data.__ctype_ptr__
                0x0000000020000734        0x4 /usr/local/gcc-arm-none-eabi-4_7-2013q1/bin/../lib/gcc/arm-none-eabi/4.7.3/../../../../arm-none-eabi/lib/armv7-m/libg.a(lib_a-ctype_.o)
                0x0000000020000734                __ctype_ptr__
                0x0000000020000738                . = ALIGN (0x4)
                0x0000000020000738                _edata = .

.igot.plt       0x0000000020000738        0x0 load address 0x0000000008014bd8
 .igot.plt      0x0000000000000000        0x0 ./startup/startup_stm32f10x_md.o

.bss            0x0000000020000738      0xcb4 load address 0x0000000008014bd8
                0x0000000020000738                . = ALIGN (0x4)
                0x0000000020000738                _sbss = .
 *(.bss)
 .bss           0x0000000020000738       0x18 ./src/hw_config.o
                0x0000000020000738                BUTTON_DEBOUNCED
                0x000000002000073c                USART_Rx_ptr_in
                0x0000000020000740                USART_Rx_ptr_out
                0x0000000020000744                USART_Rx_length
                0x0000000020000748                USB_Rx_length
                0x000000002000074a                USB_Rx_ptr
                0x000000002000074c                USB_Tx_State
                0x000000002000074d                USB_Rx_State
 .bss           0x0000000020000750        0x1 ./src/main.o
 *fill*         0x0000000020000751        0x3 00
 .bss           0x0000000020000754        0x4 ./src/spark_utilities.o
                0x0000000020000754                total_bytes_received
 .bss           0x0000000020000758        0x1 ./src/spark_wiring.o
                0x0000000020000758                serial1_enabled
 *fill*         0x0000000020000759        0x3 00
 .bss           0x000000002000075c        0x4 ./src/usb_endp.o
 .bss           0x0000000020000760        0x1 ./src/usb_istr.o
                0x0000000020000760                bIntPackSOF
 .bss           0x0000000020000761        0x1 ./src/usb_prop.o
                0x0000000020000761                Request
 *fill*         0x0000000020000762        0x2 00
 .bss           0x0000000020000764        0x4 ./src/usb_pwr.o
                0x0000000020000764                bDeviceState
 .bss           0x0000000020000768        0x1 ./libraries/STM32_USB-FS-Device_Driver/src/usb_core.o
                0x0000000020000768                Data_Mul_MaxPacketSize
 *(COMMON)
 *fill*         0x0000000020000769        0x3 00
 COMMON         0x000000002000076c      0x814 ./src/cc3000_spi.o
                0x000000002000076c                sSpiInformation
                0x0000000020000780                wlan_tx_buffer
                0x0000000020000b80                wlan_rx_buffer
 COMMON         0x0000000020000f80      0x140 ./src/hw_config.o
                0x0000000020000f80                USB_Rx_Buffer
                0x0000000020000fc0                USART_Rx_Buffer
 COMMON         0x00000000200010c0       0x30 ./src/main.o
                0x00000000200010c0                WLAN_CAN_SHUTDOWN
                0x00000000200010c1                WLAN_CONNECTED
                0x00000000200010c2                WLAN_SMART_CONFIG_START
                0x00000000200010c4                patchVer
                0x00000000200010c6                SPARK_SOCKET_CONNECTED
                0x00000000200010c8                TimingLED1
                0x00000000200010cc                WLAN_SMART_CONFIG_DONE
                0x00000000200010d0                TimingDelay
                0x00000000200010d4                TimingBUTTON1
                0x00000000200010d8                SPARK_DEVICE_ACKED
                0x00000000200010d9                SPARK_SOCKET_ALIVE
                0x00000000200010dc                TimingSparkAliveTimeout
                0x00000000200010e0                WLAN_DHCP
                0x00000000200010e4                TimingLED2
                0x00000000200010e8                TimingSparkProcessAPI
                0x00000000200010ec                TimingMillis
 COMMON         0x00000000200010f0      0x224 ./src/spark_utilities.o
                0x00000000200010f0                readSet
                0x00000000200010f4                sparkSocket
                0x00000000200010f8                pUserFunction
                0x00000000200010fc                recvBuff
                0x00000000200011fc                tSocketAddr
                0x000000002000120c                timeout
                0x0000000020001214                userBuff
 COMMON         0x0000000020001314        0x2 ./src/usb_istr.o
                0x0000000020001314                wIstr
 *fill*         0x0000000020001316        0x2 00
 COMMON         0x0000000020001318        0x2 ./libraries/STM32_USB-FS-Device_Driver/src/usb_core.o
                0x0000000020001318                StatusInfo
 *fill*         0x000000002000131a        0x2 00
 COMMON         0x000000002000131c       0x32 ./libraries/STM32_USB-FS-Device_Driver/src/usb_init.o
                0x000000002000131c                SaveState
                0x0000000020001320                pProperty
                0x0000000020001324                EPindex
                0x0000000020001328                Device_Info
                0x0000000020001344                pUser_Standard_Requests
                0x0000000020001348                pInformation
                0x000000002000134c                wInterrupt_Mask
 COMMON         0x000000002000134e        0x4 ./libraries/STM32_USB-FS-Device_Driver/src/usb_int.o
                0x000000002000134e                SaveRState
                0x0000000020001350                SaveTState
 *fill*         0x0000000020001352        0x2 00
 COMMON         0x0000000020001354       0x98 ./libraries/CC3000_Host_Driver/wlan.o
                0x0000000020001354                profileArray
                0x0000000020001398                tSLInformation
                0x00000000200013dc                key
                0x00000000200013ec                . = ALIGN (0x4)
                0x00000000200013ec                _ebss = .
                0x00000000200013ec                PROVIDE (end, _ebss)
                0x00000000200013ec                PROVIDE (_end, _ebss)

._usrstack      0x00000000200013ec      0x100 load address 0x000000000801588c
                0x00000000200013ec                . = ALIGN (0x4)
                0x00000000200013ec                _susrstack = .
                0x00000000200014ec                . = (. + _Minimum_Stack_Size)
 *fill*         0x00000000200013ec      0x100 00
                0x00000000200014ec                . = ALIGN (0x4)
                0x00000000200014ec                _eusrstack = .

.b1text
 *(.b1text)
 *(.b1rodata)
 *(.b1rodata*)

.eb0text
 *(.eb0text)
 *(.eb0rodata)
 *(.eb0rodata*)

.eb1text
 *(.eb1text)
 *(.eb1rodata)
 *(.eb1rodata*)

.eb2text
 *(.eb2text)
 *(.eb2rodata)
 *(.eb2rodata*)

.eb3text
 *(.eb3text)
 *(.eb3rodata)
 *(.eb3rodata*)

DISCARD
 libc.a(*)
 libm.a(*)
 libgcc.a(*)

.stab
 *(.stab)

.stabstr
 *(.stabstr)

.stab.excl
 *(.stab.excl)

.stab.exclstr
 *(.stab.exclstr)

.stab.index
 *(.stab.index)

.stab.indexstr
 *(.stab.indexstr)

.comment        0x0000000000000000       0x70
 *(.comment)
 .comment       0x0000000000000000       0x70 ./src/application.o
                                         0x71 (size before relaxing)
 .comment       0x0000000000000000       0x71 ./src/cc3000_spi.o
 .comment       0x0000000000000000       0x71 ./src/hw_config.o
 .comment       0x0000000000000000       0x71 ./src/main.o
 .comment       0x0000000000000000       0x71 ./src/spark_utilities.o
 .comment       0x0000000000000000       0x71 ./src/spark_wiring.o
 .comment       0x0000000000000000       0x71 ./src/stm32_it.o
 .comment       0x0000000000000000       0x71 ./src/system_stm32f10x.o
 .comment       0x0000000000000000       0x71 ./src/usb_desc.o
 .comment       0x0000000000000000       0x71 ./src/usb_endp.o
 .comment       0x0000000000000000       0x71 ./src/usb_istr.o
 .comment       0x0000000000000000       0x71 ./src/usb_prop.o
 .comment       0x0000000000000000       0x71 ./src/usb_pwr.o
 .comment       0x0000000000000000       0x71 ./libraries/STM32_USB-FS-Device_Driver/src/usb_core.o
 .comment       0x0000000000000000       0x71 ./libraries/STM32_USB-FS-Device_Driver/src/usb_init.o
 .comment       0x0000000000000000       0x71 ./libraries/STM32_USB-FS-Device_Driver/src/usb_int.o
 .comment       0x0000000000000000       0x71 ./libraries/STM32_USB-FS-Device_Driver/src/usb_mem.o
 .comment       0x0000000000000000       0x71 ./libraries/STM32_USB-FS-Device_Driver/src/usb_regs.o
 .comment       0x0000000000000000       0x71 ./libraries/STM32_USB-FS-Device_Driver/src/usb_sil.o
 .comment       0x0000000000000000       0x71 ./libraries/STM32F10x_StdPeriph_Driver/src/misc.o
 .comment       0x0000000000000000       0x71 ./libraries/STM32F10x_StdPeriph_Driver/src/stm32f10x_dma.o
 .comment       0x0000000000000000       0x71 ./libraries/STM32F10x_StdPeriph_Driver/src/stm32f10x_exti.o
 .comment       0x0000000000000000       0x71 ./libraries/STM32F10x_StdPeriph_Driver/src/stm32f10x_flash.o
 .comment       0x0000000000000000       0x71 ./libraries/STM32F10x_StdPeriph_Driver/src/stm32f10x_gpio.o
 .comment       0x0000000000000000       0x71 ./libraries/STM32F10x_StdPeriph_Driver/src/stm32f10x_pwr.o
 .comment       0x0000000000000000       0x71 ./libraries/STM32F10x_StdPeriph_Driver/src/stm32f10x_rcc.o
 .comment       0x0000000000000000       0x71 ./libraries/STM32F10x_StdPeriph_Driver/src/stm32f10x_spi.o
 .comment       0x0000000000000000       0x71 ./libraries/STM32F10x_StdPeriph_Driver/src/stm32f10x_tim.o
 .comment       0x0000000000000000       0x71 ./libraries/STM32F10x_StdPeriph_Driver/src/stm32f10x_usart.o
 .comment       0x0000000000000000       0x71 ./libraries/CC3000_Host_Driver/cc3000_common.o
 .comment       0x0000000000000000       0x71 ./libraries/CC3000_Host_Driver/evnt_handler.o
 .comment       0x0000000000000000       0x71 ./libraries/CC3000_Host_Driver/hci.o
 .comment       0x0000000000000000       0x71 ./libraries/CC3000_Host_Driver/netapp.o
 .comment       0x0000000000000000       0x71 ./libraries/CC3000_Host_Driver/nvmem.o
 .comment       0x0000000000000000       0x71 ./libraries/CC3000_Host_Driver/socket.o
 .comment       0x0000000000000000       0x71 ./libraries/CC3000_Host_Driver/wlan.o

.ARM.attributes
                0x0000000000000000       0x2f
 .ARM.attributes
                0x0000000000000000       0x21 ./startup/startup_stm32f10x_md.o
 .ARM.attributes
                0x0000000000000021       0x33 ./src/application.o
 .ARM.attributes
                0x0000000000000054       0x33 ./src/cc3000_spi.o
 .ARM.attributes
                0x0000000000000087       0x33 ./src/hw_config.o
 .ARM.attributes
                0x00000000000000ba       0x33 ./src/main.o
 .ARM.attributes
                0x00000000000000ed       0x33 ./src/spark_utilities.o
 .ARM.attributes
                0x0000000000000120       0x33 ./src/spark_wiring.o
 .ARM.attributes
                0x0000000000000153       0x33 ./src/stm32_it.o
 .ARM.attributes
                0x0000000000000186       0x33 ./src/system_stm32f10x.o
 .ARM.attributes
                0x00000000000001b9       0x33 ./src/usb_desc.o
 .ARM.attributes
                0x00000000000001ec       0x33 ./src/usb_endp.o
 .ARM.attributes
                0x000000000000021f       0x33 ./src/usb_istr.o
 .ARM.attributes
                0x0000000000000252       0x33 ./src/usb_prop.o
 .ARM.attributes
                0x0000000000000285       0x33 ./src/usb_pwr.o
 .ARM.attributes
                0x00000000000002b8       0x33 ./libraries/STM32_USB-FS-Device_Driver/src/usb_core.o
 .ARM.attributes
                0x00000000000002eb       0x33 ./libraries/STM32_USB-FS-Device_Driver/src/usb_init.o
 .ARM.attributes
                0x000000000000031e       0x33 ./libraries/STM32_USB-FS-Device_Driver/src/usb_int.o
 .ARM.attributes
                0x0000000000000351       0x33 ./libraries/STM32_USB-FS-Device_Driver/src/usb_mem.o
 .ARM.attributes
                0x0000000000000384       0x33 ./libraries/STM32_USB-FS-Device_Driver/src/usb_regs.o
 .ARM.attributes
                0x00000000000003b7       0x33 ./libraries/STM32_USB-FS-Device_Driver/src/usb_sil.o
 .ARM.attributes
                0x00000000000003ea       0x33 ./libraries/STM32F10x_StdPeriph_Driver/src/misc.o
 .ARM.attributes
                0x000000000000041d       0x33 ./libraries/STM32F10x_StdPeriph_Driver/src/stm32f10x_dma.o
 .ARM.attributes
                0x0000000000000450       0x33 ./libraries/STM32F10x_StdPeriph_Driver/src/stm32f10x_exti.o
 .ARM.attributes
                0x0000000000000483       0x33 ./libraries/STM32F10x_StdPeriph_Driver/src/stm32f10x_flash.o
 .ARM.attributes
                0x00000000000004b6       0x33 ./libraries/STM32F10x_StdPeriph_Driver/src/stm32f10x_gpio.o
 .ARM.attributes
                0x00000000000004e9       0x33 ./libraries/STM32F10x_StdPeriph_Driver/src/stm32f10x_pwr.o
 .ARM.attributes
                0x000000000000051c       0x33 ./libraries/STM32F10x_StdPeriph_Driver/src/stm32f10x_rcc.o
 .ARM.attributes
                0x000000000000054f       0x33 ./libraries/STM32F10x_StdPeriph_Driver/src/stm32f10x_spi.o
 .ARM.attributes
                0x0000000000000582       0x33 ./libraries/STM32F10x_StdPeriph_Driver/src/stm32f10x_tim.o
 .ARM.attributes
                0x00000000000005b5       0x33 ./libraries/STM32F10x_StdPeriph_Driver/src/stm32f10x_usart.o
 .ARM.attributes
                0x00000000000005e8       0x33 ./libraries/CC3000_Host_Driver/cc3000_common.o
 .ARM.attributes
                0x000000000000061b       0x33 ./libraries/CC3000_Host_Driver/evnt_handler.o
 .ARM.attributes
                0x000000000000064e       0x33 ./libraries/CC3000_Host_Driver/hci.o
 .ARM.attributes
                0x0000000000000681       0x33 ./libraries/CC3000_Host_Driver/netapp.o
 .ARM.attributes
                0x00000000000006b4       0x33 ./libraries/CC3000_Host_Driver/nvmem.o
 .ARM.attributes
                0x00000000000006e7       0x33 ./libraries/CC3000_Host_Driver/socket.o
 .ARM.attributes
                0x000000000000071a       0x33 ./libraries/CC3000_Host_Driver/wlan.o
 .ARM.attributes
                0x000000000000074d       0x1d /usr/local/gcc-arm-none-eabi-4_7-2013q1/bin/../lib/gcc/arm-none-eabi/4.7.3/armv7-m/libgcc.a(_arm_addsubdf3.o)
 .ARM.attributes
                0x000000000000076a       0x1d /usr/local/gcc-arm-none-eabi-4_7-2013q1/bin/../lib/gcc/arm-none-eabi/4.7.3/armv7-m/libgcc.a(_arm_muldivdf3.o)
 .ARM.attributes
                0x0000000000000787       0x1d /usr/local/gcc-arm-none-eabi-4_7-2013q1/bin/../lib/gcc/arm-none-eabi/4.7.3/armv7-m/libgcc.a(_arm_fixunsdfsi.o)
 .ARM.attributes
                0x00000000000007a4       0x2d /usr/local/gcc-arm-none-eabi-4_7-2013q1/bin/../lib/gcc/arm-none-eabi/4.7.3/../../../../arm-none-eabi/lib/armv7-m/libg.a(lib_a-errno.o)
 .ARM.attributes
                0x00000000000007d1       0x2d /usr/local/gcc-arm-none-eabi-4_7-2013q1/bin/../lib/gcc/arm-none-eabi/4.7.3/../../../../arm-none-eabi/lib/armv7-m/libg.a(lib_a-impure.o)
 .ARM.attributes
                0x00000000000007fe       0x2d /usr/local/gcc-arm-none-eabi-4_7-2013q1/bin/../lib/gcc/arm-none-eabi/4.7.3/../../../../arm-none-eabi/lib/armv7-m/libg.a(lib_a-memcpy.o)
 .ARM.attributes
                0x000000000000082b       0x2d /usr/local/gcc-arm-none-eabi-4_7-2013q1/bin/../lib/gcc/arm-none-eabi/4.7.3/../../../../arm-none-eabi/lib/armv7-m/libg.a(lib_a-memset.o)
 .ARM.attributes
                0x0000000000000858       0x2d /usr/local/gcc-arm-none-eabi-4_7-2013q1/bin/../lib/gcc/arm-none-eabi/4.7.3/../../../../arm-none-eabi/lib/armv7-m/libg.a(lib_a-strchr.o)
 .ARM.attributes
                0x0000000000000885       0x2d /usr/local/gcc-arm-none-eabi-4_7-2013q1/bin/../lib/gcc/arm-none-eabi/4.7.3/../../../../arm-none-eabi/lib/armv7-m/libg.a(lib_a-strcmp.o)
 .ARM.attributes
                0x00000000000008b2       0x2d /usr/local/gcc-arm-none-eabi-4_7-2013q1/bin/../lib/gcc/arm-none-eabi/4.7.3/../../../../arm-none-eabi/lib/armv7-m/libg.a(lib_a-strlen.o)
 .ARM.attributes
                0x00000000000008df       0x2d /usr/local/gcc-arm-none-eabi-4_7-2013q1/bin/../lib/gcc/arm-none-eabi/4.7.3/../../../../arm-none-eabi/lib/armv7-m/libg.a(lib_a-strncmp.o)
 .ARM.attributes
                0x000000000000090c       0x2d /usr/local/gcc-arm-none-eabi-4_7-2013q1/bin/../lib/gcc/arm-none-eabi/4.7.3/../../../../arm-none-eabi/lib/armv7-m/libg.a(lib_a-strncpy.o)
 .ARM.attributes
                0x0000000000000939       0x2d /usr/local/gcc-arm-none-eabi-4_7-2013q1/bin/../lib/gcc/arm-none-eabi/4.7.3/../../../../arm-none-eabi/lib/armv7-m/libg.a(lib_a-strtol.o)
 .ARM.attributes
                0x0000000000000966       0x2d /usr/local/gcc-arm-none-eabi-4_7-2013q1/bin/../lib/gcc/arm-none-eabi/4.7.3/../../../../arm-none-eabi/lib/armv7-m/libg.a(lib_a-ctype_.o)

.debug
 *(.debug)

.line
 *(.line)

.debug_srcinfo
 *(.debug_srcinfo)

.debug_sfnames
 *(.debug_sfnames)

.debug_aranges  0x0000000000000000     0x1500
 *(.debug_aranges)
 .debug_aranges
                0x0000000000000000       0x28 ./startup/startup_stm32f10x_md.o
 .debug_aranges
                0x0000000000000028       0x38 ./src/application.o
 .debug_aranges
                0x0000000000000060       0xa0 ./src/cc3000_spi.o
 .debug_aranges
                0x0000000000000100      0x158 ./src/hw_config.o
 .debug_aranges
                0x0000000000000258       0x78 ./src/main.o
 .debug_aranges
                0x00000000000002d0       0x70 ./src/spark_utilities.o
 .debug_aranges
                0x0000000000000340       0xd0 ./src/spark_wiring.o
 .debug_aranges
                0x0000000000000410       0x90 ./src/stm32_it.o
 .debug_aranges
                0x00000000000004a0       0x38 ./src/system_stm32f10x.o
 .debug_aranges
                0x00000000000004d8       0x18 ./src/usb_desc.o
 .debug_aranges
                0x00000000000004f0       0x30 ./src/usb_endp.o
 .debug_aranges
                0x0000000000000520       0x20 ./src/usb_istr.o
 .debug_aranges
                0x0000000000000540       0x88 ./src/usb_prop.o
 .debug_aranges
                0x00000000000005c8       0x40 ./src/usb_pwr.o
 .debug_aranges
                0x0000000000000608       0xb0 ./libraries/STM32_USB-FS-Device_Driver/src/usb_core.o
 .debug_aranges
                0x00000000000006b8       0x20 ./libraries/STM32_USB-FS-Device_Driver/src/usb_init.o
 .debug_aranges
                0x00000000000006d8       0x28 ./libraries/STM32_USB-FS-Device_Driver/src/usb_int.o
 .debug_aranges
                0x0000000000000700       0x28 ./libraries/STM32_USB-FS-Device_Driver/src/usb_mem.o
 .debug_aranges
                0x0000000000000728      0x1f0 ./libraries/STM32_USB-FS-Device_Driver/src/usb_regs.o
 .debug_aranges
                0x0000000000000918       0x30 ./libraries/STM32_USB-FS-Device_Driver/src/usb_sil.o
 .debug_aranges
                0x0000000000000948       0x40 ./libraries/STM32F10x_StdPeriph_Driver/src/misc.o
 .debug_aranges
                0x0000000000000988       0x70 ./libraries/STM32F10x_StdPeriph_Driver/src/stm32f10x_dma.o
 .debug_aranges
                0x00000000000009f8       0x58 ./libraries/STM32F10x_StdPeriph_Driver/src/stm32f10x_exti.o
 .debug_aranges
                0x0000000000000a50       0xf8 ./libraries/STM32F10x_StdPeriph_Driver/src/stm32f10x_flash.o
 .debug_aranges
                0x0000000000000b48       0xa8 ./libraries/STM32F10x_StdPeriph_Driver/src/stm32f10x_gpio.o
 .debug_aranges
                0x0000000000000bf0       0x60 ./libraries/STM32F10x_StdPeriph_Driver/src/stm32f10x_pwr.o
 .debug_aranges
                0x0000000000000c50      0x118 ./libraries/STM32F10x_StdPeriph_Driver/src/stm32f10x_rcc.o
 .debug_aranges
                0x0000000000000d68       0xd0 ./libraries/STM32F10x_StdPeriph_Driver/src/stm32f10x_spi.o
 .debug_aranges
                0x0000000000000e38      0x2f0 ./libraries/STM32F10x_StdPeriph_Driver/src/stm32f10x_tim.o
 .debug_aranges
                0x0000000000001128      0x100 ./libraries/STM32F10x_StdPeriph_Driver/src/stm32f10x_usart.o
 .debug_aranges
                0x0000000000001228       0x40 ./libraries/CC3000_Host_Driver/cc3000_common.o
 .debug_aranges
                0x0000000000001268       0x68 ./libraries/CC3000_Host_Driver/evnt_handler.o
 .debug_aranges
                0x00000000000012d0       0x38 ./libraries/CC3000_Host_Driver/hci.o
 .debug_aranges
                0x0000000000001308       0x58 ./libraries/CC3000_Host_Driver/netapp.o
 .debug_aranges
                0x0000000000001360       0x50 ./libraries/CC3000_Host_Driver/nvmem.o
 .debug_aranges
                0x00000000000013b0       0xa8 ./libraries/CC3000_Host_Driver/socket.o
 .debug_aranges
                0x0000000000001458       0xa8 ./libraries/CC3000_Host_Driver/wlan.o

.debug_pubnames
 *(.debug_pubnames)

.debug_info     0x0000000000000000    0x11397
 *(.debug_info .gnu.linkonce.wi.*)
 .debug_info    0x0000000000000000       0x69 ./startup/startup_stm32f10x_md.o
 .debug_info    0x0000000000000069      0x1b5 ./src/application.o
 .debug_info    0x000000000000021e      0x967 ./src/cc3000_spi.o
 .debug_info    0x0000000000000b85     0x1b39 ./src/hw_config.o
 .debug_info    0x00000000000026be      0x6e6 ./src/main.o
 .debug_info    0x0000000000002da4      0x7a4 ./src/spark_utilities.o
 .debug_info    0x0000000000003548      0xec2 ./src/spark_wiring.o
 .debug_info    0x000000000000440a      0x4e1 ./src/stm32_it.o
 .debug_info    0x00000000000048eb      0x4c0 ./src/system_stm32f10x.o
 .debug_info    0x0000000000004dab      0x184 ./src/usb_desc.o
 .debug_info    0x0000000000004f2f      0x1f0 ./src/usb_endp.o
 .debug_info    0x000000000000511f      0x28f ./src/usb_istr.o
 .debug_info    0x00000000000053ae      0x8cb ./src/usb_prop.o
 .debug_info    0x0000000000005c79      0x2ec ./src/usb_pwr.o
 .debug_info    0x0000000000005f65      0xc0e ./libraries/STM32_USB-FS-Device_Driver/src/usb_core.o
 .debug_info    0x0000000000006b73      0x4a4 ./libraries/STM32_USB-FS-Device_Driver/src/usb_init.o
 .debug_info    0x0000000000007017      0x1f1 ./libraries/STM32_USB-FS-Device_Driver/src/usb_int.o
 .debug_info    0x0000000000007208      0x1c5 ./libraries/STM32_USB-FS-Device_Driver/src/usb_mem.o
 .debug_info    0x00000000000073cd      0xdb7 ./libraries/STM32_USB-FS-Device_Driver/src/usb_regs.o
 .debug_info    0x0000000000008184      0x180 ./libraries/STM32_USB-FS-Device_Driver/src/usb_sil.o
 .debug_info    0x0000000000008304      0x59a ./libraries/STM32F10x_StdPeriph_Driver/src/misc.o
 .debug_info    0x000000000000889e      0x4b9 ./libraries/STM32F10x_StdPeriph_Driver/src/stm32f10x_dma.o
 .debug_info    0x0000000000008d57      0x375 ./libraries/STM32F10x_StdPeriph_Driver/src/stm32f10x_exti.o
 .debug_info    0x00000000000090cc      0x841 ./libraries/STM32F10x_StdPeriph_Driver/src/stm32f10x_flash.o
 .debug_info    0x000000000000990d      0x741 ./libraries/STM32F10x_StdPeriph_Driver/src/stm32f10x_gpio.o
 .debug_info    0x000000000000a04e      0x4c2 ./libraries/STM32F10x_StdPeriph_Driver/src/stm32f10x_pwr.o
 .debug_info    0x000000000000a510      0x92d ./libraries/STM32F10x_StdPeriph_Driver/src/stm32f10x_rcc.o
 .debug_info    0x000000000000ae3d      0x994 ./libraries/STM32F10x_StdPeriph_Driver/src/stm32f10x_spi.o
 .debug_info    0x000000000000b7d1     0x1e7f ./libraries/STM32F10x_StdPeriph_Driver/src/stm32f10x_tim.o
 .debug_info    0x000000000000d650      0xa95 ./libraries/STM32F10x_StdPeriph_Driver/src/stm32f10x_usart.o
 .debug_info    0x000000000000e0e5      0x1a5 ./libraries/CC3000_Host_Driver/cc3000_common.o
 .debug_info    0x000000000000e28a      0x8d6 ./libraries/CC3000_Host_Driver/evnt_handler.o
 .debug_info    0x000000000000eb60      0x26d ./libraries/CC3000_Host_Driver/hci.o
 .debug_info    0x000000000000edcd      0x633 ./libraries/CC3000_Host_Driver/netapp.o
 .debug_info    0x000000000000f400      0x524 ./libraries/CC3000_Host_Driver/nvmem.o
 .debug_info    0x000000000000f924      0xe42 ./libraries/CC3000_Host_Driver/socket.o
 .debug_info    0x0000000000010766      0xc31 ./libraries/CC3000_Host_Driver/wlan.o

.debug_abbrev   0x0000000000000000     0x370c
 *(.debug_abbrev)
 .debug_abbrev  0x0000000000000000       0x12 ./startup/startup_stm32f10x_md.o
 .debug_abbrev  0x0000000000000012      0x11d ./src/application.o
 .debug_abbrev  0x000000000000012f      0x254 ./src/cc3000_spi.o
 .debug_abbrev  0x0000000000000383      0x3b8 ./src/hw_config.o
 .debug_abbrev  0x000000000000073b      0x22b ./src/main.o
 .debug_abbrev  0x0000000000000966      0x202 ./src/spark_utilities.o
 .debug_abbrev  0x0000000000000b68      0x2bf ./src/spark_wiring.o
 .debug_abbrev  0x0000000000000e27      0x123 ./src/stm32_it.o
 .debug_abbrev  0x0000000000000f4a      0x153 ./src/system_stm32f10x.o
 .debug_abbrev  0x000000000000109d       0x78 ./src/usb_desc.o
 .debug_abbrev  0x0000000000001115       0xcc ./src/usb_endp.o
 .debug_abbrev  0x00000000000011e1       0xff ./src/usb_istr.o
 .debug_abbrev  0x00000000000012e0      0x20d ./src/usb_prop.o
 .debug_abbrev  0x00000000000014ed      0x132 ./src/usb_pwr.o
 .debug_abbrev  0x000000000000161f      0x290 ./libraries/STM32_USB-FS-Device_Driver/src/usb_core.o
 .debug_abbrev  0x00000000000018af      0x125 ./libraries/STM32_USB-FS-Device_Driver/src/usb_init.o
 .debug_abbrev  0x00000000000019d4       0xd5 ./libraries/STM32_USB-FS-Device_Driver/src/usb_int.o
 .debug_abbrev  0x0000000000001aa9       0xa4 ./libraries/STM32_USB-FS-Device_Driver/src/usb_mem.o
 .debug_abbrev  0x0000000000001b4d      0x174 ./libraries/STM32_USB-FS-Device_Driver/src/usb_regs.o
 .debug_abbrev  0x0000000000001cc1       0xc2 ./libraries/STM32_USB-FS-Device_Driver/src/usb_sil.o
 .debug_abbrev  0x0000000000001d83      0x12e ./libraries/STM32F10x_StdPeriph_Driver/src/misc.o
 .debug_abbrev  0x0000000000001eb1      0x15c ./libraries/STM32F10x_StdPeriph_Driver/src/stm32f10x_dma.o
 .debug_abbrev  0x000000000000200d      0x158 ./libraries/STM32F10x_StdPeriph_Driver/src/stm32f10x_exti.o
 .debug_abbrev  0x0000000000002165      0x192 ./libraries/STM32F10x_StdPeriph_Driver/src/stm32f10x_flash.o
 .debug_abbrev  0x00000000000022f7      0x1cf ./libraries/STM32F10x_StdPeriph_Driver/src/stm32f10x_gpio.o
 .debug_abbrev  0x00000000000024c6      0x186 ./libraries/STM32F10x_StdPeriph_Driver/src/stm32f10x_pwr.o
 .debug_abbrev  0x000000000000264c      0x1c1 ./libraries/STM32F10x_StdPeriph_Driver/src/stm32f10x_rcc.o
 .debug_abbrev  0x000000000000280d      0x185 ./libraries/STM32F10x_StdPeriph_Driver/src/stm32f10x_spi.o
 .debug_abbrev  0x0000000000002992      0x1b7 ./libraries/STM32F10x_StdPeriph_Driver/src/stm32f10x_tim.o
 .debug_abbrev  0x0000000000002b49      0x169 ./libraries/STM32F10x_StdPeriph_Driver/src/stm32f10x_usart.o
 .debug_abbrev  0x0000000000002cb2       0xa6 ./libraries/CC3000_Host_Driver/cc3000_common.o
 .debug_abbrev  0x0000000000002d58      0x230 ./libraries/CC3000_Host_Driver/evnt_handler.o
 .debug_abbrev  0x0000000000002f88       0xb8 ./libraries/CC3000_Host_Driver/hci.o
 .debug_abbrev  0x0000000000003040      0x1c6 ./libraries/CC3000_Host_Driver/netapp.o
 .debug_abbrev  0x0000000000003206      0x15e ./libraries/CC3000_Host_Driver/nvmem.o
 .debug_abbrev  0x0000000000003364      0x19c ./libraries/CC3000_Host_Driver/socket.o
 .debug_abbrev  0x0000000000003500      0x20c ./libraries/CC3000_Host_Driver/wlan.o

.debug_line     0x0000000000000000    0x103b5
 *(.debug_line)
 .debug_line    0x0000000000000000       0x7d ./startup/startup_stm32f10x_md.o
 .debug_line    0x000000000000007d      0x5ae ./src/application.o
 .debug_line    0x000000000000062b      0x858 ./src/cc3000_spi.o
 .debug_line    0x0000000000000e83      0xaf7 ./src/hw_config.o
 .debug_line    0x000000000000197a      0x8a1 ./src/main.o
 .debug_line    0x000000000000221b      0x7a0 ./src/spark_utilities.o
 .debug_line    0x00000000000029bb      0x764 ./src/spark_wiring.o
 .debug_line    0x000000000000311f      0x7db ./src/stm32_it.o
 .debug_line    0x00000000000038fa      0x52a ./src/system_stm32f10x.o
 .debug_line    0x0000000000003e24      0x656 ./src/usb_desc.o
 .debug_line    0x000000000000447a      0x6bb ./src/usb_endp.o
 .debug_line    0x0000000000004b35      0x68e ./src/usb_istr.o
 .debug_line    0x00000000000051c3      0x7ab ./src/usb_prop.o
 .debug_line    0x000000000000596e      0x6e8 ./src/usb_pwr.o
 .debug_line    0x0000000000006056      0x9b5 ./libraries/STM32_USB-FS-Device_Driver/src/usb_core.o
 .debug_line    0x0000000000006a0b      0x683 ./libraries/STM32_USB-FS-Device_Driver/src/usb_init.o
 .debug_line    0x000000000000708e      0x765 ./libraries/STM32_USB-FS-Device_Driver/src/usb_int.o
 .debug_line    0x00000000000077f3      0x6d7 ./libraries/STM32_USB-FS-Device_Driver/src/usb_mem.o
 .debug_line    0x0000000000007eca      0xc17 ./libraries/STM32_USB-FS-Device_Driver/src/usb_regs.o
 .debug_line    0x0000000000008ae1      0x6a9 ./libraries/STM32_USB-FS-Device_Driver/src/usb_sil.o
 .debug_line    0x000000000000918a      0x510 ./libraries/STM32F10x_StdPeriph_Driver/src/misc.o
 .debug_line    0x000000000000969a      0x5c6 ./libraries/STM32F10x_StdPeriph_Driver/src/stm32f10x_dma.o
 .debug_line    0x0000000000009c60      0x566 ./libraries/STM32F10x_StdPeriph_Driver/src/stm32f10x_exti.o
 .debug_line    0x000000000000a1c6      0x79a ./libraries/STM32F10x_StdPeriph_Driver/src/stm32f10x_flash.o
 .debug_line    0x000000000000a960      0x671 ./libraries/STM32F10x_StdPeriph_Driver/src/stm32f10x_gpio.o
 .debug_line    0x000000000000afd1      0x578 ./libraries/STM32F10x_StdPeriph_Driver/src/stm32f10x_pwr.o
 .debug_line    0x000000000000b549      0x780 ./libraries/STM32F10x_StdPeriph_Driver/src/stm32f10x_rcc.o
 .debug_line    0x000000000000bcc9      0x6d2 ./libraries/STM32F10x_StdPeriph_Driver/src/stm32f10x_spi.o
 .debug_line    0x000000000000c39b      0xd58 ./libraries/STM32F10x_StdPeriph_Driver/src/stm32f10x_tim.o
 .debug_line    0x000000000000d0f3      0x749 ./libraries/STM32F10x_StdPeriph_Driver/src/stm32f10x_usart.o
 .debug_line    0x000000000000d83c      0x37f ./libraries/CC3000_Host_Driver/cc3000_common.o
 .debug_line    0x000000000000dbbb      0x8ee ./libraries/CC3000_Host_Driver/evnt_handler.o
 .debug_line    0x000000000000e4a9      0x6f5 ./libraries/CC3000_Host_Driver/hci.o
 .debug_line    0x000000000000eb9e      0x451 ./libraries/CC3000_Host_Driver/netapp.o
 .debug_line    0x000000000000efef      0x413 ./libraries/CC3000_Host_Driver/nvmem.o
 .debug_line    0x000000000000f402      0x600 ./libraries/CC3000_Host_Driver/socket.o
 .debug_line    0x000000000000fa02      0x9b3 ./libraries/CC3000_Host_Driver/wlan.o

.debug_frame    0x0000000000000000     0x4410
 *(.debug_frame)
 .debug_frame   0x0000000000000000       0x88 ./src/application.o
 .debug_frame   0x0000000000000088      0x210 ./src/cc3000_spi.o
 .debug_frame   0x0000000000000298      0x4cc ./src/hw_config.o
 .debug_frame   0x0000000000000764      0x170 ./src/main.o
 .debug_frame   0x00000000000008d4      0x16c ./src/spark_utilities.o
 .debug_frame   0x0000000000000a40      0x2d0 ./src/spark_wiring.o
 .debug_frame   0x0000000000000d10      0x1b4 ./src/stm32_it.o
 .debug_frame   0x0000000000000ec4       0x80 ./src/system_stm32f10x.o
 .debug_frame   0x0000000000000f44       0x68 ./src/usb_endp.o
 .debug_frame   0x0000000000000fac       0x2c ./src/usb_istr.o
 .debug_frame   0x0000000000000fd8      0x1a8 ./src/usb_prop.o
 .debug_frame   0x0000000000001180       0xac ./src/usb_pwr.o
 .debug_frame   0x000000000000122c      0x264 ./libraries/STM32_USB-FS-Device_Driver/src/usb_core.o
 .debug_frame   0x0000000000001490       0x2c ./libraries/STM32_USB-FS-Device_Driver/src/usb_init.o
 .debug_frame   0x00000000000014bc       0x54 ./libraries/STM32_USB-FS-Device_Driver/src/usb_int.o
 .debug_frame   0x0000000000001510       0x48 ./libraries/STM32_USB-FS-Device_Driver/src/usb_mem.o
 .debug_frame   0x0000000000001558      0x698 ./libraries/STM32_USB-FS-Device_Driver/src/usb_regs.o
 .debug_frame   0x0000000000001bf0       0x6c ./libraries/STM32_USB-FS-Device_Driver/src/usb_sil.o
 .debug_frame   0x0000000000001c5c       0x9c ./libraries/STM32F10x_StdPeriph_Driver/src/misc.o
 .debug_frame   0x0000000000001cf8      0x144 ./libraries/STM32F10x_StdPeriph_Driver/src/stm32f10x_dma.o
 .debug_frame   0x0000000000001e3c       0xf0 ./libraries/STM32F10x_StdPeriph_Driver/src/stm32f10x_exti.o
 .debug_frame   0x0000000000001f2c      0x350 ./libraries/STM32F10x_StdPeriph_Driver/src/stm32f10x_flash.o
 .debug_frame   0x000000000000227c      0x210 ./libraries/STM32F10x_StdPeriph_Driver/src/stm32f10x_gpio.o
 .debug_frame   0x000000000000248c      0x10c ./libraries/STM32F10x_StdPeriph_Driver/src/stm32f10x_pwr.o
 .debug_frame   0x0000000000002598      0x394 ./libraries/STM32F10x_StdPeriph_Driver/src/stm32f10x_rcc.o
 .debug_frame   0x000000000000292c      0x29c ./libraries/STM32F10x_StdPeriph_Driver/src/stm32f10x_spi.o
 .debug_frame   0x0000000000002bc8      0xa20 ./libraries/STM32F10x_StdPeriph_Driver/src/stm32f10x_tim.o
 .debug_frame   0x00000000000035e8      0x344 ./libraries/STM32F10x_StdPeriph_Driver/src/stm32f10x_usart.o
 .debug_frame   0x000000000000392c       0x9c ./libraries/CC3000_Host_Driver/cc3000_common.o
 .debug_frame   0x00000000000039c8      0x150 ./libraries/CC3000_Host_Driver/evnt_handler.o
 .debug_frame   0x0000000000003b18       0x90 ./libraries/CC3000_Host_Driver/hci.o
 .debug_frame   0x0000000000003ba8      0x114 ./libraries/CC3000_Host_Driver/netapp.o
 .debug_frame   0x0000000000003cbc       0xf0 ./libraries/CC3000_Host_Driver/nvmem.o
 .debug_frame   0x0000000000003dac      0x268 ./libraries/CC3000_Host_Driver/socket.o
 .debug_frame   0x0000000000004014      0x258 ./libraries/CC3000_Host_Driver/wlan.o